06.04 13:48:43:383 RLS2_Daryal Запуск РЛС типа Daryal. Координаты: X=8000000 Y=7000000
06.04 14:02:52:422 RLS2_Daryal В 14:02:52:400 Обнаружена цель id:8054bcr с координатами 8764006 8086572 тип:KR скорость:552
06.04 14:05:25:680 RLS2_Daryal В 14:05:25:669 Обнаружена цель id:8054bcr с координатами 8751531 8080622 тип:KR скорость:552
06.04 14:07:00:216 RLS2_Daryal В 14:07:00:195 Обнаружена цель id:8054bcr с координатами 8744545 8077290 тип:KR скорость:552
06.04 14:08:27:002 RLS2_Daryal В 14:08:26:990 Обнаружена цель id:007a92r с координатами 10775060 7305420 тип:KR скорость:765
06.04 14:10:10:222 RLS2_Daryal В 14:10:10:208 Обнаружена цель id:007a92r с координатами 10766702 7298714 тип:KR скорость:765
06.04 14:24:03:715 RLS2_Daryal В 14:24:03:709 Обнаружена цель id:7d2463r с координатами 11620704 7255600 тип:KR скорость:287
06.04 14:26:56:170 RLS2_Daryal В 14:26:56:163 Обнаружена цель id:0772e3s с координатами 9780836 7607520 тип:SAM скорость:209
06.04 14:27:11:021 RLS2_Daryal В 14:27:11:012 Обнаружена цель id:7d2463r с координатами 11615513 7249075 тип:KR скорость:287
06.04 14:29:51:819 RLS2_Daryal В 14:29:51:808 Обнаружена цель id:a64e56b с координатами 11133632 7762112 тип:BB_BR скорость:8179
06.04 14:29:51:910 RLS2_Daryal Цель id:a64e56b движется в направлении СПРО
06.04 14:30:45:632 RLS2_Daryal В 14:30:45:624 Обнаружена цель id:7d2463r с координатами 11609427 7241425 тип:KR скорость:287
06.04 14:31:34:840 RLS2_Daryal В 14:31:34:833 Обнаружена цель id:0c135ar с координатами 11587275 7176225 тип:KR скорость:329
06.04 14:32:27:457 RLS2_Daryal В 14:32:27:451 Обнаружена цель id:7d2463r с координатами 11606205 7237375 тип:KR скорость:287
06.04 14:32:45:215 RLS2_Daryal В 14:32:45:203 Обнаружена цель id:a64e56b с координатами 11041344 7552504 тип:BB_BR скорость:8179
06.04 14:32:45:309 RLS2_Daryal Цель id:a64e56b движется в направлении СПРО
06.04 14:35:23:196 RLS2_Daryal В 14:35:23:184 Обнаружена цель id:0c135ar с координатами 11576784 7168776 тип:KR скорость:329
06.04 14:36:17:152 RLS2_Daryal В 14:36:17:144 Обнаружена цель id:7d2463r с координатами 11599224 7228600 тип:KR скорость:287
06.04 14:37:12:129 RLS2_Daryal В 14:37:12:116 Обнаружена цель id:a64e56b с координатами 10889728 7208148 тип:BB_BR скорость:8179
06.04 14:37:12:237 RLS2_Daryal Цель id:a64e56b движется в направлении СПРО
06.04 14:38:06:801 RLS2_Daryal В 14:38:06:777 Обнаружена цель id:0c135ar с координатами 11569521 7163619 тип:KR скорость:329
06.04 14:40:05:653 RLS2_Daryal В 14:40:05:649 Обнаружена цель id:a64e56b с координатами 10810624 7028484 тип:BB_BR скорость:8179
06.04 14:40:05:731 RLS2_Daryal Цель id:a64e56b движется в направлении СПРО
06.04 14:48:35:525 RLS2_Daryal В 14:48:35:509 Обнаружена цель id:84e703b с координатами 8038670 7285231 тип:BB_BR скорость:8839
06.04 14:50:37:660 RLS2_Daryal В 14:50:37:654 Обнаружена цель id:a3444eb с координатами 8518595 8011086 тип:BB_BR скорость:8938
06.04 14:50:37:779 RLS2_Daryal Цель id:a3444eb движется в направлении СПРО
06.04 14:58:38:205 RLS2_Daryal В 14:58:38:194 Обнаружена цель id:0927c7r с координатами 8867380 7728100 тип:KR скорость:795
06.04 15:00:07:370 RLS2_Daryal В 15:00:07:353 Обнаружена цель id:0927c7r с координатами 8866946 7716970 тип:KR скорость:795
06.04 15:01:37:285 RLS2_Daryal В 15:01:37:281 Обнаружена цель id:341839b с координатами 8118835 7539450 тип:BB_BR скорость:9326
06.04 15:01:37:394 RLS2_Daryal Цель id:341839b движется в направлении СПРО
06.04 15:03:07:146 RLS2_Daryal В 15:03:07:139 Обнаружена цель id:341839b с координатами 8232790 7458300 тип:BB_BR скорость:9326
06.04 15:06:30:235 RLS2_Daryal В 15:06:30:230 Обнаружена цель id:c87e47b с координатами 11050180 7167650 тип:BB_BR скорость:9401
06.04 15:06:30:309 RLS2_Daryal Цель id:c87e47b движется в направлении СПРО
06.04 15:07:23:871 RLS2_Daryal В 15:07:23:861 Обнаружена цель id:341839b с координатами 8544267 7236490 тип:BB_BR скорость:9326
06.04 15:07:40:160 RLS2_Daryal В 15:07:40:156 Обнаружена цель id:35f26cr с координатами 9544920 8019472 тип:KR скорость:307
06.04 15:10:50:948 RLS2_Daryal В 15:10:50:944 Обнаружена цель id:341839b с координатами 8810162 7047140 тип:BB_BR скорость:9326
06.04 15:11:10:751 RLS2_Daryal В 15:11:10:735 Обнаружена цель id:35f26cr с координатами 9541770 8009182 тип:KR скорость:307
06.04 15:12:43:656 RLS2_Daryal В 15:12:43:648 Обнаружена цель id:35f26cr с координатами 9540240 8004184 тип:KR скорость:307
06.04 15:14:16:332 RLS2_Daryal В 15:14:16:318 Обнаружена цель id:35f26cr с координатами 9538980 8000068 тип:KR скорость:307
06.04 15:16:14:982 RLS2_Daryal В 15:16:14:973 Обнаружена цель id:35f26cr с координатами 9537540 7995364 тип:KR скорость:307
06.04 15:18:17:990 RLS2_Daryal В 15:18:17:981 Обнаружена цель id:e502aer с координатами 8196460 7698304 тип:KR скорость:622
06.04 15:21:31:592 RLS2_Daryal В 15:21:31:581 Обнаружена цель id:e502aer с координатами 8193490 7677976 тип:KR скорость:622
06.04 15:22:58:652 RLS2_Daryal В 15:22:58:643 Обнаружена цель id:e502aer с координатами 8192230 7669352 тип:KR скорость:622
06.04 15:26:08:447 RLS2_Daryal В 15:26:08:430 Обнаружена цель id:e502aer с координатами 8189350 7649640 тип:KR скорость:622
06.04 15:26:26:014 RLS2_Daryal В 15:26:25:999 Обнаружена цель id:9344f7r с координатами 10133616 7465656 тип:KR скорость:887
06.04 15:30:19:937 RLS2_Daryal В 15:30:19:931 Обнаружена цель id:e502aer с координатами 8185480 7623152 тип:KR скорость:622
06.04 15:31:46:277 RLS2_Daryal В 15:31:46:245 Обнаружена цель id:9344f7r с координатами 10085718 7463388 тип:KR скорость:887
06.04 15:34:24:741 RLS2_Daryal В 15:34:24:731 Обнаружена цель id:9344f7r с координатами 10067091 7462506 тип:KR скорость:887
06.04 15:37:01:347 RLS2_Daryal В 15:37:01:333 Обнаружена цель id:672e30s с координатами 11085824 7018055 тип:SAM скорость:215
06.04 15:38:32:340 RLS2_Daryal В 15:38:32:333 Обнаружена цель id:672e30s с координатами 11083304 7016030 тип:SAM скорость:215
06.04 15:40:03:061 RLS2_Daryal В 15:40:03:053 Обнаружена цель id:672e30s с координатами 11080784 7014005 тип:SAM скорость:215
06.04 15:42:08:839 RLS2_Daryal В 15:42:08:817 Обнаружена цель id:672e30s с координатами 11077256 7011170 тип:SAM скорость:215
06.04 15:46:28:574 RLS2_Daryal В 15:46:28:570 Обнаружена цель id:10cb3cb с координатами 9074956 7123696 тип:BB_BR скорость:9339
06.04 15:51:31:636 RLS2_Daryal В 15:51:31:627 Обнаружена цель id:10cb3cb с координатами 9056306 7590296 тип:BB_BR скорость:9339
06.04 15:56:33:512 RLS2_Daryal В 15:56:33:503 Обнаружена цель id:7f2740s с координатами 10152736 7867224 тип:SAM скорость:102
06.04 15:58:04:551 RLS2_Daryal В 15:58:04:542 Обнаружена цель id:7f2740s с координатами 10152241 7865769 тип:SAM скорость:102
06.04 16:00:08:869 RLS2_Daryal В 16:00:08:852 Обнаружена цель id:9918acs с координатами 8822712 7217462 тип:SAM скорость:141
06.04 16:00:21:786 RLS2_Daryal В 16:00:21:778 Обнаружена цель id:7f2740s с координатами 10151581 7863829 тип:SAM скорость:102
06.04 16:03:05:118 RLS2_Daryal В 16:03:05:114 Обнаружена цель id:9918acs с координатами 8822232 7213232 тип:SAM скорость:141
06.04 16:06:11:315 RLS2_Daryal В 16:06:11:306 Обнаружена цель id:9918acs с координатами 8821704 7208579 тип:SAM скорость:141
06.04 16:07:39:468 RLS2_Daryal В 16:07:39:455 Обнаружена цель id:1022afs с координатами 10707892 7889818 тип:SAM скорость:197
06.04 16:08:34:087 RLS2_Daryal В 16:08:34:075 Обнаружена цель id:9918acs с координатами 8821336 7205336 тип:SAM скорость:141
06.04 16:10:03:686 RLS2_Daryal В 16:10:03:673 Обнаружена цель id:1022afs с координатами 10707478 7885287 тип:SAM скорость:197
06.04 16:13:15:278 RLS2_Daryal В 16:13:15:260 Обнаружена цель id:1022afs с координатами 10706902 7878983 тип:SAM скорость:197
06.04 16:15:19:294 RLS2_Daryal В 16:15:19:281 Обнаружена цель id:9d586cs с координатами 11046159 7038173 тип:SAM скорость:69
06.04 16:17:21:764 RLS2_Daryal В 16:17:21:758 Обнаружена цель id:9d586cs с координатами 11045579 7036913 тип:SAM скорость:69
06.04 16:20:03:442 RLS2_Daryal В 16:20:03:433 Обнаружена цель id:9d586cs с координатами 11044825 7035275 тип:SAM скорость:69
06.04 16:22:06:714 RLS2_Daryal В 16:22:06:708 Обнаружена цель id:9d586cs с координатами 11044216 7033952 тип:SAM скорость:69
06.04 16:24:16:136 RLS2_Daryal В 16:24:16:112 Обнаружена цель id:9d586cs с координатами 11043607 7032629 тип:SAM скорость:69
06.04 16:32:24:303 RLS2_Daryal В 16:32:24:289 Обнаружена цель id:32b1e1b с координатами 8758196 7508361 тип:BB_BR скорость:9550
06.04 16:32:24:417 RLS2_Daryal Цель id:32b1e1b движется в направлении СПРО
06.04 16:36:07:285 RLS2_Daryal В 16:36:07:271 Обнаружена цель id:32b1e1b с координатами 8669660 7195935 тип:BB_BR скорость:9550
06.04 16:36:07:421 RLS2_Daryal Цель id:32b1e1b движется в направлении СПРО
06.04 16:37:37:426 RLS2_Daryal В 16:37:37:420 Обнаружена цель id:aeed99s с координатами 10855769 7829065 тип:SAM скорость:235
06.04 16:39:42:692 RLS2_Daryal В 16:39:42:679 Обнаружена цель id:aeed99s с координатами 10855549 7824365 тип:SAM скорость:235
06.04 16:41:45:765 RLS2_Daryal В 16:41:45:756 Обнаружена цель id:aeed99s с координатами 10855329 7819665 тип:SAM скорость:235
06.04 16:46:13:280 RLS2_Daryal В 16:46:13:272 Обнаружена цель id:ec57a8b с координатами 11329872 7536496 тип:BB_BR скорость:9219
06.04 16:46:13:418 RLS2_Daryal Цель id:ec57a8b движется в направлении СПРО
06.04 16:47:42:355 RLS2_Daryal В 16:47:42:350 Обнаружена цель id:ec57a8b с координатами 11329760 7407430 тип:BB_BR скорость:9219
06.04 16:47:42:469 RLS2_Daryal Цель id:ec57a8b движется в направлении СПРО
06.04 16:47:57:521 RLS2_Daryal В 16:47:57:515 Обнаружена цель id:b17f8bs с координатами 8244362 7566020 тип:SAM скорость:94
06.04 16:48:16:397 RLS2_Daryal В 16:48:16:384 Обнаружена цель id:aeed99s с координатами 10854625 7804625 тип:SAM скорость:235
06.04 16:51:38:803 RLS2_Daryal В 16:51:38:795 Обнаружена цель id:ec57a8b с координатами 11329448 7047889 тип:BB_BR скорость:9219
06.04 16:51:38:893 RLS2_Daryal Цель id:ec57a8b движется в направлении СПРО
06.04 16:51:53:331 RLS2_Daryal В 16:51:53:327 Обнаружена цель id:b17f8bs с координатами 8243231 7562510 тип:SAM скорость:94
06.04 16:54:41:387 RLS2_Daryal В 16:54:41:369 Обнаружена цель id:b17f8bs с координатами 8242506 7560260 тип:SAM скорость:94
06.04 17:03:23:305 RLS2_Daryal В 17:03:23:296 Обнаружена цель id:a9c2d1s с координатами 11140592 7071925 тип:SAM скорость:231
06.04 17:04:53:632 RLS2_Daryal В 17:04:53:620 Обнаружена цель id:a9c2d1s с координатами 11138464 7069475 тип:SAM скорость:231
06.04 17:06:20:579 RLS2_Daryal В 17:06:20:560 Обнаружена цель id:36f8e4b с координатами 9257920 7427840 тип:BB_BR скорость:9304
06.04 17:06:20:692 RLS2_Daryal Цель id:36f8e4b движется в направлении СПРО
06.04 17:07:58:559 RLS2_Daryal В 17:07:58:553 Обнаружена цель id:17ac51r с координатами 8408154 7973919 тип:KR скорость:276
06.04 17:10:29:795 RLS2_Daryal В 17:10:29:782 Обнаружена цель id:36f8e4b с координатами 9039513 7115051 тип:BB_BR скорость:9304
06.04 17:10:29:929 RLS2_Daryal Цель id:36f8e4b движется в направлении СПРО
06.04 17:10:50:327 RLS2_Daryal В 17:10:50:318 Обнаружена цель id:17ac51r с координатами 8404036 7967046 тип:KR скорость:276
06.04 17:18:00:302 RLS2_Daryal В 17:18:00:283 Обнаружена цель id:cf8daes с координатами 9348236 7636236 тип:SAM скорость:118
06.04 17:19:30:423 RLS2_Daryal В 17:19:30:410 Обнаружена цель id:8b15f4s с координатами 9734536 7693760 тип:SAM скорость:239
06.04 17:21:37:909 RLS2_Daryal В 17:21:37:901 Обнаружена цель id:cf8daes с координатами 9345380 7633380 тип:SAM скорость:118
06.04 17:22:00:130 RLS2_Daryal В 17:22:00:119 Обнаружена цель id:6e00e7r с координатами 10173306 7155016 тип:KR скорость:282
06.04 17:22:14:748 RLS2_Daryal В 17:22:14:743 Обнаружена цель id:8b15f4s с координатами 9729595 7689575 тип:SAM скорость:239
06.04 17:23:49:961 RLS2_Daryal В 17:23:49:948 Обнаружена цель id:8b15f4s с координатами 9726850 7687250 тип:SAM скорость:239
