27.04 22:00:17:169 RLS2_Dnepr Запуск РЛС типа Dnepr. Координаты: X=7000000 Y=3000000
27.04 22:00:23:439 RLS2_Dnepr В 22:00:23:437 Обнаружена цель id:e19987b с координатами 9538651 4677208 тип:BB_BR скорость:8272
27.04 22:00:23:465 RLS2_Dnepr Цель id:e19987b движется в направлении СПРО
27.04 22:00:25:450 RLS2_Dnepr В 22:00:25:448 Обнаружена цель id:e69e2cb с координатами 7721808 3617520 тип:BB_BR скорость:8875
27.04 22:00:25:502 RLS2_Dnepr Цель id:e69e2cb движется в направлении СПРО
27.04 22:00:27:938 RLS2_Dnepr В 22:00:27:937 Обнаружена цель id:edaafcb с координатами 8039220 4763692 тип:BB_BR скорость:9101
27.04 22:00:27:988 RLS2_Dnepr Цель id:edaafcb движется в направлении СПРО
27.04 22:00:57:836 RLS2_Dnepr В 22:00:57:832 Обнаружена цель id:083cf4b с координатами 10190366 2794689 тип:BB_BR скорость:8912
27.04 22:00:57:875 RLS2_Dnepr Цель id:083cf4b движется в направлении СПРО
27.04 22:03:49:780 RLS2_Dnepr В 22:03:49:777 Обнаружена цель id:6e1bbfb с координатами 6773758 4826870 тип:BB_BR скорость:8680
27.04 22:04:56:907 RLS2_Dnepr В 22:04:56:906 Обнаружена цель id:5d91c0b с координатами 8859940 3889980 тип:BB_BR скорость:8929
27.04 22:04:56:926 RLS2_Dnepr Цель id:5d91c0b движется в направлении СПРО
27.04 22:06:47:623 RLS2_Dnepr В 22:06:47:619 Обнаружена цель id:908eaab с координатами 9305226 3127688 тип:BB_BR скорость:8753
27.04 22:06:47:645 RLS2_Dnepr Цель id:908eaab движется в направлении СПРО
27.04 22:09:06:548 RLS2_Dnepr В 22:09:06:547 Обнаружена цель id:b3040db с координатами 6307328 5706288 тип:BB_BR скорость:9313
27.04 22:09:20:080 RLS2_Dnepr В 22:09:20:078 Обнаружена цель id:d88218b с координатами 6712437 4650010 тип:BB_BR скорость:8980
27.04 22:09:20:118 RLS2_Dnepr Цель id:d88218b движется в направлении СПРО
27.04 22:14:39:912 RLS2_Dnepr В 22:14:39:907 Обнаружена цель id:1cc0c6b с координатами 7838046 3414794 тип:BB_BR скорость:9880
27.04 22:14:39:959 RLS2_Dnepr Цель id:1cc0c6b движется в направлении СПРО
27.04 22:14:52:148 RLS2_Dnepr В 22:14:52:142 Обнаружена цель id:dd3688b с координатами 7739304 3134892 тип:BB_BR скорость:8167
27.04 22:17:10:473 RLS2_Dnepr В 22:17:10:471 Обнаружена цель id:a32ad5b с координатами 7146034 3358208 тип:BB_BR скорость:9209
27.04 22:18:22:037 RLS2_Dnepr В 22:18:22:031 Обнаружена цель id:b41c34b с координатами 10403828 3329920 тип:BB_BR скорость:8400
27.04 22:18:22:085 RLS2_Dnepr Цель id:b41c34b движется в направлении СПРО
27.04 22:18:34:920 RLS2_Dnepr В 22:18:34:916 Обнаружена цель id:32ed64b с координатами 6973645 4432568 тип:BB_BR скорость:8853
27.04 22:18:34:959 RLS2_Dnepr Цель id:32ed64b движется в направлении СПРО
27.04 22:20:33:172 RLS2_Dnepr В 22:20:33:171 Обнаружена цель id:990d33b с координатами 6801672 5654150 тип:BB_BR скорость:8005
27.04 22:21:41:086 RLS2_Dnepr В 22:21:41:083 Обнаружена цель id:1f0627b с координатами 7737369 5406457 тип:BB_BR скорость:8182
27.04 22:21:41:110 RLS2_Dnepr Цель id:1f0627b движется в направлении СПРО
27.04 22:22:34:803 RLS2_Dnepr В 22:22:34:797 Обнаружена цель id:4d221db с координатами 9552663 2805470 тип:BB_BR скорость:9408
27.04 22:22:34:849 RLS2_Dnepr Цель id:4d221db движется в направлении СПРО
27.04 22:26:42:740 RLS2_Dnepr В 22:26:42:738 Обнаружена цель id:1de8c0b с координатами 8672594 4932692 тип:BB_BR скорость:8245
27.04 22:26:42:792 RLS2_Dnepr Цель id:1de8c0b движется в направлении СПРО
27.04 22:27:11:400 RLS2_Dnepr В 22:27:11:394 Обнаружена цель id:58d6f5b с координатами 10022178 3707728 тип:BB_BR скорость:9217
27.04 22:27:11:446 RLS2_Dnepr Цель id:58d6f5b движется в направлении СПРО
27.04 22:27:39:043 RLS2_Dnepr В 22:27:39:042 Обнаружена цель id:bfe1cab с координатами 9324946 5329398 тип:BB_BR скорость:8301
27.04 22:27:39:087 RLS2_Dnepr Цель id:bfe1cab движется в направлении СПРО
27.04 22:28:23:264 RLS2_Dnepr В 22:28:23:263 Обнаружена цель id:3fb562b с координатами 9497898 2496786 тип:BB_BR скорость:8292
27.04 22:28:23:276 RLS2_Dnepr Цель id:3fb562b движется в направлении СПРО
27.04 22:29:43:341 RLS2_Dnepr В 22:29:43:340 Обнаружена цель id:478daeb с координатами 6356762 6171192 тип:BB_BR скорость:9575
27.04 22:29:43:381 RLS2_Dnepr Цель id:478daeb движется в направлении СПРО
27.04 22:29:55:397 RLS2_Dnepr В 22:29:55:396 Обнаружена цель id:05ee68b с координатами 9382825 3054225 тип:BB_BR скорость:8595
27.04 22:29:55:452 RLS2_Dnepr Цель id:05ee68b движется в направлении СПРО
27.04 22:30:48:606 RLS2_Dnepr В 22:30:48:604 Обнаружена цель id:d385fab с координатами 6849068 4998280 тип:BB_BR скорость:9798
27.04 22:30:48:633 RLS2_Dnepr Цель id:d385fab движется в направлении СПРО
27.04 22:31:00:494 RLS2_Dnepr В 22:31:00:493 Обнаружена цель id:5227f1b с координатами 8736584 5582464 тип:BB_BR скорость:8761
27.04 22:32:06:036 RLS2_Dnepr В 22:32:06:035 Обнаружена цель id:5cf968b с координатами 10229785 2307005 тип:BB_BR скорость:8824
27.04 22:32:06:064 RLS2_Dnepr Цель id:5cf968b движется в направлении СПРО
27.04 22:32:19:739 RLS2_Dnepr В 22:32:19:734 Обнаружена цель id:02ffbeb с координатами 7890880 4457386 тип:BB_BR скорость:9402
27.04 22:34:35:288 RLS2_Dnepr В 22:34:35:285 Обнаружена цель id:fc172db с координатами 9491680 3663232 тип:BB_BR скорость:9003
27.04 22:34:35:329 RLS2_Dnepr Цель id:fc172db движется в направлении СПРО
27.04 22:37:37:325 RLS2_Dnepr В 22:37:37:323 Обнаружена цель id:673763b с координатами 8312405 3725265 тип:BB_BR скорость:9563
27.04 22:37:37:373 RLS2_Dnepr Цель id:673763b движется в направлении СПРО
27.04 22:37:51:047 RLS2_Dnepr В 22:37:51:042 Обнаружена цель id:5ac41fb с координатами 8126570 4293968 тип:BB_BR скорость:8184
27.04 22:39:11:792 RLS2_Dnepr В 22:39:11:786 Обнаружена цель id:5f0699b с координатами 10143488 2540464 тип:BB_BR скорость:8824
27.04 22:39:11:837 RLS2_Dnepr Цель id:5f0699b движется в направлении СПРО
27.04 22:39:39:851 RLS2_Dnepr В 22:39:39:847 Обнаружена цель id:784436b с координатами 8685043 3942334 тип:BB_BR скорость:8108
27.04 22:40:09:398 RLS2_Dnepr В 22:40:09:396 Обнаружена цель id:91356db с координатами 9849060 4478896 тип:BB_BR скорость:9194
27.04 22:40:09:416 RLS2_Dnepr Цель id:91356db движется в направлении СПРО
27.04 22:40:51:345 RLS2_Dnepr В 22:40:51:341 Обнаружена цель id:498217b с координатами 8976205 3914575 тип:BB_BR скорость:9003
27.04 22:40:51:364 RLS2_Dnepr Цель id:498217b движется в направлении СПРО
27.04 22:43:14:886 RLS2_Dnepr В 22:43:14:883 Обнаружена цель id:6c71dab с координатами 6513553 5257852 тип:BB_BR скорость:9651
27.04 22:43:14:913 RLS2_Dnepr Цель id:6c71dab движется в направлении СПРО
27.04 22:47:04:363 RLS2_Dnepr В 22:47:04:360 Обнаружена цель id:d514d6b с координатами 9532174 3370014 тип:BB_BR скорость:8639
27.04 22:47:04:394 RLS2_Dnepr Цель id:d514d6b движется в направлении СПРО
27.04 22:47:15:636 RLS2_Dnepr В 22:47:15:635 Обнаружена цель id:f337d4b с координатами 10008328 4071010 тип:BB_BR скорость:9892
27.04 22:47:15:664 RLS2_Dnepr Цель id:f337d4b движется в направлении СПРО
27.04 22:48:36:417 RLS2_Dnepr В 22:48:36:414 Обнаружена цель id:9e6d1bb с координатами 7027192 3809664 тип:BB_BR скорость:8942
27.04 22:48:36:461 RLS2_Dnepr Цель id:9e6d1bb движется в направлении СПРО
27.04 22:49:02:355 RLS2_Dnepr В 22:49:02:348 Обнаружена цель id:fa09d9b с координатами 7894791 4844564 тип:BB_BR скорость:9113
27.04 22:49:16:525 RLS2_Dnepr В 22:49:16:524 Обнаружена цель id:bb1474b с координатами 7023927 3406689 тип:BB_BR скорость:9044
27.04 22:49:16:565 RLS2_Dnepr Цель id:bb1474b движется в направлении СПРО
27.04 22:50:25:372 RLS2_Dnepr В 22:50:25:370 Обнаружена цель id:31ce86b с координатами 6774060 4022224 тип:BB_BR скорость:9575
27.04 22:51:04:116 RLS2_Dnepr В 22:51:04:114 Обнаружена цель id:ed4891b с координатами 7420276 6416619 тип:BB_BR скорость:8192
27.04 22:51:04:151 RLS2_Dnepr Цель id:ed4891b движется в направлении СПРО
27.04 22:51:56:834 RLS2_Dnepr В 22:51:56:830 Обнаружена цель id:17900bb с координатами 7112464 3224471 тип:BB_BR скорость:8994
27.04 22:52:27:078 RLS2_Dnepr В 22:52:27:075 Обнаружена цель id:1b3a69b с координатами 7519144 3055316 тип:BB_BR скорость:9744
27.04 22:52:27:109 RLS2_Dnepr Цель id:1b3a69b движется в направлении СПРО
27.04 22:54:58:077 RLS2_Dnepr В 22:54:58:070 Обнаружена цель id:36d660b с координатами 10464632 2995272 тип:BB_BR скорость:8066
27.04 22:54:58:119 RLS2_Dnepr Цель id:36d660b движется в направлении СПРО
27.04 22:55:42:079 RLS2_Dnepr В 22:55:42:074 Обнаружена цель id:0940bcb с координатами 7569687 4821696 тип:BB_BR скорость:9297
27.04 22:56:08:606 RLS2_Dnepr В 22:56:08:601 Обнаружена цель id:f198f6b с координатами 6891610 5268167 тип:BB_BR скорость:9281
27.04 22:56:08:651 RLS2_Dnepr Цель id:f198f6b движется в направлении СПРО
27.04 22:56:49:216 RLS2_Dnepr В 22:56:49:214 Обнаружена цель id:809f68b с координатами 7450690 5698060 тип:BB_BR скорость:8248
27.04 22:56:49:255 RLS2_Dnepr Цель id:809f68b движется в направлении СПРО
27.04 22:57:32:690 RLS2_Dnepr В 22:57:32:686 Обнаружена цель id:4c2557b с координатами 10096504 3635229 тип:BB_BR скорость:8508
27.04 22:57:32:737 RLS2_Dnepr Цель id:4c2557b движется в направлении СПРО
27.04 22:59:06:706 RLS2_Dnepr В 22:59:06:702 Обнаружена цель id:9ade1eb с координатами 6924545 5240535 тип:BB_BR скорость:9724
27.04 22:59:19:747 RLS2_Dnepr В 22:59:19:741 Обнаружена цель id:14d3b0b с координатами 8873241 5332143 тип:BB_BR скорость:9449
27.04 22:59:19:787 RLS2_Dnepr Цель id:14d3b0b движется в направлении СПРО
27.04 22:59:32:964 RLS2_Dnepr В 22:59:32:963 Обнаружена цель id:6c7855b с координатами 9154956 4503569 тип:BB_BR скорость:9523
27.04 22:59:33:000 RLS2_Dnepr Цель id:6c7855b движется в направлении СПРО
