06.04 21:51:28:932 RLS3_Voronezh_Kazan Запуск РЛС типа Voronezh-DM. Координаты: X=4300000 Y=3200000
06.04 21:51:59:033 RLS3_Voronezh_Kazan В 21:51:59:017 Обнаружена цель id:2495c7s с координатами 5168276 1999273 тип:SAM скорость:129
06.04 21:52:09:599 RLS3_Voronezh_Kazan В 21:52:09:591 Обнаружена цель id:eca95cr с координатами 6720900 1422450 тип:KR скорость:341
06.04 21:52:24:707 RLS3_Voronezh_Kazan В 21:52:24:692 Обнаружена цель id:4360fcs с координатами 2773342 3316498 тип:SAM скорость:100
06.04 21:52:50:851 RLS3_Voronezh_Kazan В 21:52:50:819 Обнаружена цель id:ee74c6r с координатами 4643675 2550367 тип:KR скорость:273
06.04 21:53:24:525 RLS3_Voronezh_Kazan В 21:53:24:503 Обнаружена цель id:169f15b с координатами 1686953 2039753 тип:BB_BR скорость:9291
06.04 21:53:24:682 RLS3_Voronezh_Kazan Цель id:169f15b движется в направлении СПРО
06.04 21:56:00:932 RLS3_Voronezh_Kazan В 21:56:00:921 Обнаружена цель id:2495c7s с координатами 5171404 2002367 тип:SAM скорость:129
06.04 21:56:26:531 RLS3_Voronezh_Kazan В 21:56:26:513 Обнаружена цель id:eca95cr с координатами 6727380 1432890 тип:KR скорость:341
06.04 21:56:57:699 RLS3_Voronezh_Kazan В 21:56:57:663 Обнаружена цель id:4360fcs с координатами 2775622 3319818 тип:SAM скорость:100
06.04 21:58:11:013 RLS3_Voronezh_Kazan В 21:58:11:003 Обнаружена цель id:63594fs с координатами 3094430 1861400 тип:SAM скорость:58
06.04 21:59:23:821 RLS3_Voronezh_Kazan В 21:59:23:808 Обнаружена цель id:ee74c6r с координатами 4648325 2566673 тип:KR скорость:273
06.04 21:59:55:261 RLS3_Voronezh_Kazan В 21:59:55:248 Обнаружена цель id:169f15b с координатами 1834575 2596575 тип:BB_BR скорость:9291
06.04 21:59:55:402 RLS3_Voronezh_Kazan Цель id:169f15b движется в направлении СПРО
06.04 22:01:57:681 RLS3_Voronezh_Kazan В 22:01:57:664 Обнаружена цель id:d7effbr с координатами 3850120 1604424 тип:KR скорость:570
06.04 22:03:12:402 RLS3_Voronezh_Kazan В 22:03:12:393 Обнаружена цель id:6ee369s с координатами 2792144 5251836 тип:SAM скорость:232
06.04 22:03:40:283 RLS3_Voronezh_Kazan В 22:03:40:267 Обнаружена цель id:75b520r с координатами 2597928 3549284 тип:KR скорость:798
06.04 22:04:52:233 RLS3_Voronezh_Kazan В 22:04:52:215 Обнаружена цель id:3bb706b с координатами 1598844 2199577 тип:BB_BR скорость:9318
06.04 22:04:52:366 RLS3_Voronezh_Kazan Цель id:3bb706b движется в направлении СПРО
06.04 22:05:14:937 RLS3_Voronezh_Kazan В 22:05:14:926 Обнаружена цель id:63594fs с координатами 3097483 1864240 тип:SAM скорость:58
06.04 22:05:45:741 RLS3_Voronezh_Kazan В 22:05:45:731 Обнаружена цель id:169f15b с координатами 1975054 3126454 тип:BB_BR скорость:9291
06.04 22:05:45:809 RLS3_Voronezh_Kazan Цель id:169f15b движется в направлении СПРО
06.04 22:07:01:973 RLS3_Voronezh_Kazan В 22:07:01:945 Обнаружена цель id:7e7ad4b с координатами 3348843 1981335 тип:BB_BR скорость:9464
06.04 22:07:02:095 RLS3_Voronezh_Kazan Цель id:7e7ad4b движется в направлении СПРО
06.04 22:07:27:849 RLS3_Voronezh_Kazan В 22:07:27:834 Обнаружена цель id:5f67afb с координатами 2905025 4043665 тип:BB_BR скорость:9823
06.04 22:07:27:939 RLS3_Voronezh_Kazan Цель id:5f67afb движется в направлении СПРО
06.04 22:08:05:469 RLS3_Voronezh_Kazan В 22:08:05:457 Обнаружена цель id:75b520r с координатами 2598600 3582800 тип:KR скорость:798
06.04 22:08:27:726 RLS3_Voronezh_Kazan В 22:08:27:700 Обнаружена цель id:d7effbr с координатами 3859220 1640369 тип:KR скорость:570
06.04 22:10:33:144 RLS3_Voronezh_Kazan В 22:10:33:123 Обнаружена цель id:775a68r с координатами 1901575 3754025 тип:KR скорость:252
06.04 22:11:00:099 RLS3_Voronezh_Kazan В 22:11:00:091 Обнаружена цель id:d7effbr с координатами 3862440 1653088 тип:KR скорость:570
06.04 22:12:49:563 RLS3_Voronezh_Kazan В 22:12:49:555 Обнаружена цель id:5f67afb с координатами 3115910 4498126 тип:BB_BR скорость:9823
06.04 22:12:49:686 RLS3_Voronezh_Kazan Цель id:5f67afb движется в направлении СПРО
06.04 22:13:16:737 RLS3_Voronezh_Kazan В 22:13:16:726 Обнаружена цель id:adb1e7b с координатами 6391949 1105023 тип:BB_BR скорость:9336
06.04 22:13:16:853 RLS3_Voronezh_Kazan Цель id:adb1e7b движется в направлении СПРО
06.04 22:14:31:857 RLS3_Voronezh_Kazan В 22:14:31:843 Обнаружена цель id:775a68r с координатами 1910495 3749265 тип:KR скорость:252
06.04 22:15:02:249 RLS3_Voronezh_Kazan В 22:15:02:233 Обнаружена цель id:169f15b с координатами 2189344 3934744 тип:BB_BR скорость:9291
06.04 22:15:02:397 RLS3_Voronezh_Kazan Цель id:169f15b движется в направлении СПРО
06.04 22:16:13:986 RLS3_Voronezh_Kazan В 22:16:13:973 Обнаружена цель id:0a3585r с координатами 2549179 3171207 тип:KR скорость:450
06.04 22:17:32:131 RLS3_Voronezh_Kazan В 22:17:32:109 Обнаружена цель id:3957d9b с координатами 4143740 1175780 тип:BB_BR скорость:9402
06.04 22:17:32:300 RLS3_Voronezh_Kazan Цель id:3957d9b движется в направлении СПРО
06.04 22:18:11:686 RLS3_Voronezh_Kazan В 22:18:11:676 Обнаружена цель id:adb1e7b с координатами 6295805 1542735 тип:BB_BR скорость:9336
06.04 22:18:11:801 RLS3_Voronezh_Kazan Цель id:adb1e7b движется в направлении СПРО
06.04 22:19:17:506 RLS3_Voronezh_Kazan В 22:19:17:476 Обнаружена цель id:775a68r с координатами 1920976 3743672 тип:KR скорость:252
06.04 22:19:41:013 RLS3_Voronezh_Kazan В 22:19:40:993 Обнаружена цель id:e5ada5s с координатами 2463952 2937128 тип:SAM скорость:166
06.04 22:20:11:062 RLS3_Voronezh_Kazan В 22:20:11:034 Обнаружена цель id:17b7f5b с координатами 2162396 5348485 тип:BB_BR скорость:9909
06.04 22:20:37:128 RLS3_Voronezh_Kazan В 22:20:37:114 Обнаружена цель id:169f15b с координатами 2310775 4392775 тип:BB_BR скорость:9291
06.04 22:21:47:318 RLS3_Voronezh_Kazan В 22:21:47:296 Обнаружена цель id:3957d9b с координатами 4188307 1558679 тип:BB_BR скорость:9402
06.04 22:21:47:469 RLS3_Voronezh_Kazan Цель id:3957d9b движется в направлении СПРО
06.04 22:22:18:147 RLS3_Voronezh_Kazan В 22:22:18:139 Обнаружена цель id:0a3585r с координатами 2569888 3187904 тип:KR скорость:450
06.04 22:23:51:311 RLS3_Voronezh_Kazan В 22:23:51:296 Обнаружена цель id:976fc7b с координатами 1599280 1971710 тип:BB_BR скорость:8676
06.04 22:23:51:422 RLS3_Voronezh_Kazan Цель id:976fc7b движется в направлении СПРО
06.04 22:24:20:214 RLS3_Voronezh_Kazan В 22:24:20:202 Обнаружена цель id:a52f2ar с координатами 3590736 3386544 тип:KR скорость:709
06.04 22:24:44:334 RLS3_Voronezh_Kazan В 22:24:44:308 Обнаружена цель id:7951e3s с координатами 5753680 1946060 тип:SAM скорость:184
06.04 22:25:19:632 RLS3_Voronezh_Kazan В 22:25:19:613 Обнаружена цель id:efe739r с координатами 4505200 2943025 тип:KR скорость:614
06.04 22:26:30:078 RLS3_Voronezh_Kazan В 22:26:30:066 Обнаружена цель id:12f929b с координатами 3506550 3145050 тип:BB_BR скорость:8203
06.04 22:26:30:191 RLS3_Voronezh_Kazan Цель id:12f929b движется в направлении СПРО
06.04 22:28:09:644 RLS3_Voronezh_Kazan В 22:28:09:637 Обнаружена цель id:f3d16br с координатами 5710049 1103113 тип:KR скорость:824
06.04 22:28:35:320 RLS3_Voronezh_Kazan В 22:28:35:292 Обнаружена цель id:be1b6as с координатами 1482814 3725070 тип:SAM скорость:112
06.04 22:29:00:366 RLS3_Voronezh_Kazan В 22:29:00:333 Обнаружена цель id:258186s с координатами 6450464 1534854 тип:SAM скорость:145
06.04 22:30:13:341 RLS3_Voronezh_Kazan В 22:30:13:318 Обнаружена цель id:d38e7er с координатами 4021192 1502972 тип:KR скорость:690
06.04 22:30:38:824 RLS3_Voronezh_Kazan В 22:30:38:803 Обнаружена цель id:a52f2ar с координатами 3628190 3408260 тип:KR скорость:709
06.04 22:31:52:542 RLS3_Voronezh_Kazan В 22:31:52:517 Обнаружена цель id:3957d9b с координатами 4295920 2483240 тип:BB_BR скорость:9402
06.04 22:31:52:731 RLS3_Voronezh_Kazan Цель id:3957d9b движется в направлении СПРО
06.04 22:32:25:991 RLS3_Voronezh_Kazan В 22:32:25:972 Обнаружена цель id:12f929b с координатами 3929428 3363188 тип:BB_BR скорость:8203
06.04 22:32:26:092 RLS3_Voronezh_Kazan Цель id:12f929b движется в направлении СПРО
06.04 22:32:51:073 RLS3_Voronezh_Kazan В 22:32:51:066 Обнаружена цель id:7951e3s с координатами 5756880 1960460 тип:SAM скорость:184
06.04 22:33:23:645 RLS3_Voronezh_Kazan В 22:33:23:633 Обнаружена цель id:5a9529r с координатами 1539240 3771240 тип:KR скорость:354
06.04 22:34:32:272 RLS3_Voronezh_Kazan В 22:34:32:267 Обнаружена цель id:f3d16br с координатами 5658657 1115209 тип:KR скорость:824
06.04 22:34:56:871 RLS3_Voronezh_Kazan В 22:34:56:864 Обнаружена цель id:be1b6as с координатами 1484222 3732110 тип:SAM скорость:112
06.04 22:35:28:038 RLS3_Voronezh_Kazan В 22:35:28:019 Обнаружена цель id:5af3f9b с координатами 2124712 3348078 тип:BB_BR скорость:8567
06.04 22:35:28:190 RLS3_Voronezh_Kazan Цель id:5af3f9b движется в направлении СПРО
06.04 22:35:51:014 RLS3_Voronezh_Kazan В 22:35:51:003 Обнаружена цель id:d356bfs с координатами 5847560 1526920 тип:SAM скорость:110
06.04 22:37:06:356 RLS3_Voronezh_Kazan В 22:37:06:333 Обнаружена цель id:d38e7er с координатами 4051828 1539473 тип:KR скорость:690
06.04 22:37:37:157 RLS3_Voronezh_Kazan В 22:37:37:135 Обнаружена цель id:903d7br с координатами 2893459 1843364 тип:KR скорость:630
06.04 22:38:47:482 RLS3_Voronezh_Kazan В 22:38:47:467 Обнаружена цель id:be1b6as с координатами 1485058 3736290 тип:SAM скорость:112
06.04 22:39:15:912 RLS3_Voronezh_Kazan В 22:39:15:872 Обнаружена цель id:2d3780r с координатами 3510095 1626111 тип:KR скорость:350
06.04 22:41:10:333 RLS3_Voronezh_Kazan В 22:41:10:303 Обнаружена цель id:c9141es с координатами 6073050 1109850 тип:SAM скорость:231
06.04 22:41:38:101 RLS3_Voronezh_Kazan В 22:41:38:080 Обнаружена цель id:d403f0s с координатами 3515095 3977370 тип:SAM скорость:247
06.04 22:42:01:957 RLS3_Voronezh_Kazan В 22:42:01:929 Обнаружена цель id:1c1c28b с координатами 6073168 1433528 тип:BB_BR скорость:8614
06.04 22:42:02:062 RLS3_Voronezh_Kazan Цель id:1c1c28b движется в направлении СПРО
06.04 22:42:32:582 RLS3_Voronezh_Kazan В 22:42:32:570 Обнаружена цель id:c568afs с координатами 5536200 1632100 тип:SAM скорость:223
06.04 22:43:44:163 RLS3_Voronezh_Kazan В 22:43:44:139 Обнаружена цель id:028f46s с координатами 3489250 2668950 тип:SAM скорость:62
06.04 22:44:14:018 RLS3_Voronezh_Kazan В 22:44:13:997 Обнаружена цель id:903d7br с координатами 2933521 1854716 тип:KR скорость:630
06.04 22:44:38:808 RLS3_Voronezh_Kazan В 22:44:38:800 Обнаружена цель id:0c402cs с координатами 4578480 1656520 тип:SAM скорость:107
06.04 22:45:05:482 RLS3_Voronezh_Kazan В 22:45:05:460 Обнаружена цель id:cdf642r с координатами 1698016 3847760 тип:KR скорость:892
06.04 22:46:19:735 RLS3_Voronezh_Kazan В 22:46:19:706 Обнаружена цель id:c9141es с координатами 6083554 1115778 тип:SAM скорость:231
06.04 22:46:42:132 RLS3_Voronezh_Kazan В 22:46:42:113 Обнаружена цель id:0c77b3b с координатами 3487209 2071428 тип:BB_BR скорость:8922
06.04 22:46:42:221 RLS3_Voronezh_Kazan Цель id:0c77b3b движется в направлении СПРО
06.04 22:47:11:757 RLS3_Voronezh_Kazan В 22:47:11:741 Обнаружена цель id:82daa5r с координатами 2917188 3835650 тип:KR скорость:603
06.04 22:47:37:047 RLS3_Voronezh_Kazan В 22:47:37:037 Обнаружена цель id:c568afs с координатами 5546600 1637300 тип:SAM скорость:223
06.04 22:48:49:959 RLS3_Voronezh_Kazan В 22:48:49:934 Обнаружена цель id:028f46s с координатами 3491850 2670926 тип:SAM скорость:62
06.04 22:49:21:523 RLS3_Voronezh_Kazan В 22:49:21:508 Обнаружена цель id:903d7br с координатами 2965085 1863660 тип:KR скорость:630
06.04 22:49:44:541 RLS3_Voronezh_Kazan В 22:49:44:513 Обнаружена цель id:0c402cs с координатами 4583004 1659796 тип:SAM скорость:107
06.04 22:50:55:327 RLS3_Voronezh_Kazan В 22:50:55:292 Обнаружена цель id:d02b3as с координатами 3439914 1133037 тип:SAM скорость:181
06.04 22:52:49:917 RLS3_Voronezh_Kazan В 22:52:49:900 Обнаружена цель id:0c77b3b с координатами 3721383 2572636 тип:BB_BR скорость:8922
06.04 22:52:50:036 RLS3_Voronezh_Kazan Цель id:0c77b3b движется в направлении СПРО
06.04 22:54:01:992 RLS3_Voronezh_Kazan В 22:54:01:981 Обнаружена цель id:c9141es с координатами 6098098 1123986 тип:SAM скорость:231
06.04 22:54:26:802 RLS3_Voronezh_Kazan В 22:54:26:787 Обнаружена цель id:e6ba74r с координатами 1812180 3775127 тип:KR скорость:321
06.04 22:54:55:816 RLS3_Voronezh_Kazan В 22:54:55:783 Обнаружена цель id:f2a578b с координатами 3334509 2398442 тип:BB_BR скорость:8187
06.04 22:54:55:985 RLS3_Voronezh_Kazan Цель id:f2a578b движется в направлении СПРО
06.04 22:55:25:634 RLS3_Voronezh_Kazan В 22:55:25:617 Обнаружена цель id:9afb7ab с координатами 2030490 3171870 тип:BB_BR скорость:9394
06.04 22:55:25:761 RLS3_Voronezh_Kazan Цель id:9afb7ab движется в направлении СПРО
06.04 22:55:50:721 RLS3_Voronezh_Kazan В 22:55:50:685 Обнаружена цель id:cdf642r с координатами 1786088 3889180 тип:KR скорость:892
06.04 22:57:02:925 RLS3_Voronezh_Kazan В 22:57:02:903 Обнаружена цель id:0c402cs с координатами 4589355 1664395 тип:SAM скорость:107
06.04 22:58:14:080 RLS3_Voronezh_Kazan В 22:58:14:066 Обнаружена цель id:f64c21b с координатами 3291823 3493927 тип:BB_BR скорость:9601
06.04 22:58:14:248 RLS3_Voronezh_Kazan Цель id:f64c21b движется в направлении СПРО
06.04 22:58:37:919 RLS3_Voronezh_Kazan В 22:58:37:887 Обнаружена цель id:75d38dr с координатами 1463369 4716775 тип:KR скорость:629
06.04 22:59:51:282 RLS3_Voronezh_Kazan В 22:59:51:275 Обнаружена цель id:0c77b3b с координатами 3985773 3138516 тип:BB_BR скорость:8922
06.04 22:59:51:389 RLS3_Voronezh_Kazan Цель id:0c77b3b движется в направлении СПРО
06.04 23:00:23:860 RLS3_Voronezh_Kazan В 23:00:23:850 Обнаружена цель id:f2a578b с координатами 3639842 2706796 тип:BB_BR скорость:8187
06.04 23:00:24:032 RLS3_Voronezh_Kazan Цель id:f2a578b движется в направлении СПРО
06.04 23:00:45:661 RLS3_Voronezh_Kazan В 23:00:45:648 Обнаружена цель id:412e9bs с координатами 1593792 1666420 тип:SAM скорость:115
06.04 23:01:16:802 RLS3_Voronezh_Kazan В 23:01:16:778 Обнаружена цель id:0c402cs с координатами 4592922 1666978 тип:SAM скорость:107
06.04 23:01:39:610 RLS3_Voronezh_Kazan В 23:01:39:595 Обнаружена цель id:8a0f44s с координатами 3537116 2819537 тип:SAM скорость:53
06.04 23:02:51:467 RLS3_Voronezh_Kazan В 23:02:51:455 Обнаружена цель id:d02b3as с координатами 3447292 1153386 тип:SAM скорость:181
06.04 23:03:24:084 RLS3_Voronezh_Kazan В 23:03:24:070 Обнаружена цель id:7e5a6cr с координатами 5205234 2573233 тип:KR скорость:696
06.04 23:03:45:699 RLS3_Voronezh_Kazan В 23:03:45:692 Обнаружена цель id:8ac487s с координатами 1407576 3484992 тип:SAM скорость:52
06.04 23:04:55:167 RLS3_Voronezh_Kazan В 23:04:55:114 Обнаружена цель id:ed928bb с координатами 2565236 4808658 тип:BB_BR скорость:8720
06.04 23:04:55:335 RLS3_Voronezh_Kazan Цель id:ed928bb движется в направлении СПРО
06.04 23:05:23:954 RLS3_Voronezh_Kazan В 23:05:23:944 Обнаружена цель id:75d38dr с координатами 1480588 4755300 тип:KR скорость:629
06.04 23:06:38:258 RLS3_Voronezh_Kazan В 23:06:38:219 Обнаружена цель id:1e72b6s с координатами 6776432 1235185 тип:SAM скорость:119
06.04 23:07:09:991 RLS3_Voronezh_Kazan В 23:07:09:970 Обнаружена цель id:9afb7ab с координатами 2887164 3860532 тип:BB_BR скорость:9394
06.04 23:07:10:108 RLS3_Voronezh_Kazan Цель id:9afb7ab движется в направлении СПРО
06.04 23:07:35:288 RLS3_Voronezh_Kazan В 23:07:35:246 Обнаружена цель id:fbd574r с координатами 4052036 1576359 тип:KR скорость:730
06.04 23:08:47:314 RLS3_Voronezh_Kazan В 23:08:47:308 Обнаружена цель id:7e5a6cr с координатами 5169282 2588409 тип:KR скорость:696
06.04 23:09:58:833 RLS3_Voronezh_Kazan В 23:09:58:813 Обнаружена цель id:e9fff3b с координатами 4263174 1200790 тип:BB_BR скорость:8799
06.04 23:09:59:006 RLS3_Voronezh_Kazan Цель id:e9fff3b движется в направлении СПРО
06.04 23:10:25:313 RLS3_Voronezh_Kazan В 23:10:25:300 Обнаружена цель id:8a0f44s с координатами 3537464 2824148 тип:SAM скорость:53
06.04 23:11:37:274 RLS3_Voronezh_Kazan В 23:11:37:235 Обнаружена цель id:7e5a6cr с координатами 5150664 2596268 тип:KR скорость:696
06.04 23:12:52:836 RLS3_Voronezh_Kazan В 23:12:52:822 Обнаружена цель id:ad46ffr с координатами 1343534 4262984 тип:KR скорость:827
06.04 23:14:06:236 RLS3_Voronezh_Kazan В 23:14:06:225 Обнаружена цель id:02be92r с координатами 2810425 5311905 тип:KR скорость:535
06.04 23:15:20:344 RLS3_Voronezh_Kazan В 23:15:20:329 Обнаружена цель id:3adaa4b с координатами 4351348 2424368 тип:BB_BR скорость:8850
06.04 23:16:33:904 RLS3_Voronezh_Kazan В 23:16:33:887 Обнаружена цель id:583b7ar с координатами 1479896 5653962 тип:KR скорость:326
06.04 23:16:55:738 RLS3_Voronezh_Kazan В 23:16:55:721 Обнаружена цель id:e9fff3b с координатами 4585902 1704670 тип:BB_BR скорость:8799
06.04 23:16:55:890 RLS3_Voronezh_Kazan Цель id:e9fff3b движется в направлении СПРО
06.04 23:17:26:470 RLS3_Voronezh_Kazan В 23:17:26:450 Обнаружена цель id:02be92r с координатами 2813370 5328242 тип:KR скорость:535
06.04 23:17:49:598 RLS3_Voronezh_Kazan В 23:17:49:582 Обнаружена цель id:8a0f44s с координатами 3537752 2827964 тип:SAM скорость:53
06.04 23:18:18:161 RLS3_Voronezh_Kazan В 23:18:18:153 Обнаружена цель id:3e0282s с координатами 3457100 2813492 тип:SAM скорость:99
06.04 23:19:36:344 RLS3_Voronezh_Kazan В 23:19:36:319 Обнаружена цель id:9f99f8s с координатами 4086930 2812542 тип:SAM скорость:87
06.04 23:20:02:550 RLS3_Voronezh_Kazan В 23:20:02:517 Обнаружена цель id:8aa666s с координатами 2691978 4322710 тип:SAM скорость:242
06.04 23:20:35:805 RLS3_Voronezh_Kazan В 23:20:35:796 Обнаружена цель id:70e470b с координатами 2330356 5019409 тип:BB_BR скорость:8920
06.04 23:20:35:952 RLS3_Voronezh_Kazan Цель id:70e470b движется в направлении СПРО
06.04 23:20:56:940 RLS3_Voronezh_Kazan В 23:20:56:922 Обнаружена цель id:c8d7a0r с координатами 2235911 4541983 тип:KR скорость:502
06.04 23:22:08:068 RLS3_Voronezh_Kazan В 23:22:08:048 Обнаружена цель id:d93f79r с координатами 4306192 2768920 тип:KR скорость:355
06.04 23:22:37:472 RLS3_Voronezh_Kazan В 23:22:37:461 Обнаружена цель id:23dd09b с координатами 2459160 4366740 тип:BB_BR скорость:8211
06.04 23:23:01:516 RLS3_Voronezh_Kazan В 23:23:01:497 Обнаружена цель id:fa622fb с координатами 2542326 3442431 тип:BB_BR скорость:8580
06.04 23:23:01:587 RLS3_Voronezh_Kazan Цель id:fa622fb движется в направлении СПРО
06.04 23:23:32:615 RLS3_Voronezh_Kazan В 23:23:32:609 Обнаружена цель id:583b7ar с координатами 1486056 5631982 тип:KR скорость:326
06.04 23:23:55:433 RLS3_Voronezh_Kazan В 23:23:55:417 Обнаружена цель id:e9fff3b с координатами 4918122 2223370 тип:BB_BR скорость:8799
06.04 23:23:55:592 RLS3_Voronezh_Kazan Цель id:e9fff3b движется в направлении СПРО
06.04 23:25:36:796 RLS3_Voronezh_Kazan В 23:25:36:777 Обнаружена цель id:9f99f8s с координатами 4088760 2817544 тип:SAM скорость:87
06.04 23:26:01:458 RLS3_Voronezh_Kazan В 23:26:01:446 Обнаружена цель id:d6c8d3r с координатами 2880804 3979024 тип:KR скорость:797
06.04 23:26:30:127 RLS3_Voronezh_Kazan В 23:26:30:112 Обнаружена цель id:70e470b с координатами 2861544 5137566 тип:BB_BR скорость:8920
06.04 23:26:30:236 RLS3_Voronezh_Kazan Цель id:70e470b движется в направлении СПРО
06.04 23:26:57:009 RLS3_Voronezh_Kazan В 23:26:56:986 Обнаружена цель id:c8d7a0r с координатами 2252808 4516424 тип:KR скорость:502
06.04 23:27:29:863 RLS3_Voronezh_Kazan В 23:27:29:833 Обнаружена цель id:c1bf8fr с координатами 6522471 1173785 тип:KR скорость:427
06.04 23:28:37:762 RLS3_Voronezh_Kazan В 23:28:37:752 Обнаружена цель id:91dc6dr с координатами 5675523 1061324 тип:KR скорость:765
06.04 23:29:04:641 RLS3_Voronezh_Kazan В 23:29:04:627 Обнаружена цель id:92c5b3r с координатами 5784307 1116120 тип:KR скорость:724
06.04 23:29:30:601 RLS3_Voronezh_Kazan В 23:29:30:585 Обнаружена цель id:d8ffd6b с координатами 2554897 5296903 тип:BB_BR скорость:8368
06.04 23:29:30:711 RLS3_Voronezh_Kazan Цель id:d8ffd6b движется в направлении СПРО
06.04 23:30:44:770 RLS3_Voronezh_Kazan В 23:30:44:746 Обнаружена цель id:c8d7a0r с координатами 2263611 4500083 тип:KR скорость:502
06.04 23:31:14:562 RLS3_Voronezh_Kazan В 23:31:14:554 Обнаружена цель id:c1bf8fr с координатами 6516277 1188795 тип:KR скорость:427
06.04 23:32:28:811 RLS3_Voronezh_Kazan В 23:32:28:797 Обнаружена цель id:d93f79r с координатами 4320157 2803570 тип:KR скорость:355
06.04 23:32:59:128 RLS3_Voronezh_Kazan В 23:32:59:118 Обнаружена цель id:23dd09b с координатами 2685576 5207214 тип:BB_BR скорость:8211
06.04 23:34:05:838 RLS3_Voronezh_Kazan В 23:34:05:824 Обнаружена цель id:92c5b3r с координатами 5752857 1134120 тип:KR скорость:724
06.04 23:34:33:059 RLS3_Voronezh_Kazan В 23:34:33:026 Обнаружена цель id:3b086er с координатами 2137341 1339083 тип:KR скорость:401
06.04 23:34:57:685 RLS3_Voronezh_Kazan В 23:34:57:677 Обнаружена цель id:d8ffd6b с координатами 2840395 4946605 тип:BB_BR скорость:8368
06.04 23:34:57:850 RLS3_Voronezh_Kazan Цель id:d8ffd6b движется в направлении СПРО
06.04 23:35:27:410 RLS3_Voronezh_Kazan В 23:35:27:397 Обнаружена цель id:df4014r с координатами 2623222 2702396 тип:KR скорость:350
06.04 23:36:39:562 RLS3_Voronezh_Kazan В 23:36:39:537 Обнаружена цель id:2d5ef3s с координатами 3426966 1600465 тип:SAM скорость:224
06.04 23:37:08:754 RLS3_Voronezh_Kazan В 23:37:08:740 Обнаружена цель id:9e1cd8b с координатами 6046840 1687560 тип:BB_BR скорость:8875
06.04 23:37:08:855 RLS3_Voronezh_Kazan Цель id:9e1cd8b движется в направлении СПРО
06.04 23:37:34:713 RLS3_Voronezh_Kazan В 23:37:34:686 Обнаружена цель id:28f551b с координатами 2337860 4020630 тип:BB_BR скорость:9315
06.04 23:37:34:916 RLS3_Voronezh_Kazan Цель id:28f551b движется в направлении СПРО
06.04 23:38:49:089 RLS3_Voronezh_Kazan В 23:38:49:072 Обнаружена цель id:573cd9b с координатами 1616550 3633325 тип:BB_BR скорость:9487
06.04 23:38:49:247 RLS3_Voronezh_Kazan Цель id:573cd9b движется в направлении СПРО
06.04 23:39:24:027 RLS3_Voronezh_Kazan В 23:39:24:006 Обнаружена цель id:92c5b3r с координатами 5720149 1152840 тип:KR скорость:724
06.04 23:39:46:335 RLS3_Voronezh_Kazan В 23:39:46:296 Обнаружена цель id:bad0c9r с координатами 5913050 935606 тип:KR скорость:264
06.04 23:40:14:805 RLS3_Voronezh_Kazan В 23:40:14:797 Обнаружена цель id:c7c789r с координатами 4640456 2197756 тип:KR скорость:423
06.04 23:41:53:595 RLS3_Voronezh_Kazan В 23:41:53:578 Обнаружена цель id:769f1db с координатами 1355002 4374057 тип:BB_BR скорость:8703
06.04 23:41:53:762 RLS3_Voronezh_Kazan Цель id:769f1db движется в направлении СПРО
06.04 23:42:27:897 RLS3_Voronezh_Kazan В 23:42:27:883 Обнаружена цель id:130e88b с координатами 1877418 4078147 тип:BB_BR скорость:9330
06.04 23:42:49:345 RLS3_Voronezh_Kazan В 23:42:49:325 Обнаружена цель id:b54cefr с координатами 2400734 1523707 тип:KR скорость:749
06.04 23:43:58:037 RLS3_Voronezh_Kazan В 23:43:57:999 Обнаружена цель id:999778s с координатами 4565920 2542200 тип:SAM скорость:234
06.04 23:44:30:731 RLS3_Voronezh_Kazan В 23:44:30:709 Обнаружена цель id:acca9bb с координатами 2819160 4336360 тип:BB_BR скорость:9306
06.04 23:44:30:872 RLS3_Voronezh_Kazan Цель id:acca9bb движется в направлении СПРО
06.04 23:45:43:205 RLS3_Voronezh_Kazan В 23:45:43:197 Обнаружена цель id:377ed8s с координатами 5514377 1207246 тип:SAM скорость:96
06.04 23:46:11:190 RLS3_Voronezh_Kazan В 23:46:11:176 Обнаружена цель id:1a5ffds с координатами 2583451 4043560 тип:SAM скорость:90
06.04 23:46:36:242 RLS3_Voronezh_Kazan В 23:46:36:224 Обнаружена цель id:28f551b с координатами 3173960 4083180 тип:BB_BR скорость:9315
06.04 23:46:36:359 RLS3_Voronezh_Kazan Цель id:28f551b движется в направлении СПРО
06.04 23:47:04:200 RLS3_Voronezh_Kazan В 23:47:04:192 Обнаружена цель id:3573f9r с координатами 2601184 1869992 тип:KR скорость:498
06.04 23:47:30:898 RLS3_Voronezh_Kazan В 23:47:30:888 Обнаружена цель id:8e9889r с координатами 6694190 1468656 тип:KR скорость:468
06.04 23:48:43:526 RLS3_Voronezh_Kazan В 23:48:43:494 Обнаружена цель id:6481fds с координатами 1881096 2634280 тип:SAM скорость:205
06.04 23:49:14:098 RLS3_Voronezh_Kazan В 23:49:14:086 Обнаружена цель id:1fab78b с координатами 5811462 1758346 тип:BB_BR скорость:8945
06.04 23:49:14:245 RLS3_Voronezh_Kazan Цель id:1fab78b движется в направлении СПРО
06.04 23:49:37:304 RLS3_Voronezh_Kazan В 23:49:37:292 Обнаружена цель id:d8ffd6b с координатами 3622871 3986529 тип:BB_BR скорость:8368
06.04 23:49:37:395 RLS3_Voronezh_Kazan Цель id:d8ffd6b движется в направлении СПРО
06.04 23:50:47:415 RLS3_Voronezh_Kazan В 23:50:47:393 Обнаружена цель id:130e88b с координатами 1973910 4874765 тип:BB_BR скорость:9330
06.04 23:51:18:688 RLS3_Voronezh_Kazan В 23:51:18:672 Обнаружена цель id:8c5dc6r с координатами 2629064 3050712 тип:KR скорость:782
06.04 23:52:32:216 RLS3_Voronezh_Kazan В 23:52:32:202 Обнаружена цель id:23d0e5r с координатами 3697842 1294482 тип:KR скорость:984
06.04 23:52:58:960 RLS3_Voronezh_Kazan В 23:52:58:947 Обнаружена цель id:c71484b с координатами 3717076 1330876 тип:BB_BR скорость:8885
06.04 23:52:59:054 RLS3_Voronezh_Kazan Цель id:c71484b движется в направлении СПРО
06.04 23:53:25:057 RLS3_Voronezh_Kazan В 23:53:25:047 Обнаружена цель id:1fab78b с координатами 5618865 2091295 тип:BB_BR скорость:8945
06.04 23:53:25:190 RLS3_Voronezh_Kazan Цель id:1fab78b движется в направлении СПРО
06.04 23:54:39:391 RLS3_Voronezh_Kazan В 23:54:39:380 Обнаружена цель id:f8b60cb с координатами 6440909 1075131 тип:BB_BR скорость:9340
06.04 23:54:39:542 RLS3_Voronezh_Kazan Цель id:f8b60cb движется в направлении СПРО
06.04 23:55:11:030 RLS3_Voronezh_Kazan В 23:55:11:015 Обнаружена цель id:3573f9r с координатами 2634968 1893034 тип:KR скорость:498
06.04 23:55:34:912 RLS3_Voronezh_Kazan В 23:55:34:900 Обнаружена цель id:6e0d7cb с координатами 2329576 4455704 тип:BB_BR скорость:8558
06.04 23:56:47:934 RLS3_Voronezh_Kazan В 23:56:47:916 Обнаружена цель id:130e88b с координатами 2042352 5439808 тип:BB_BR скорость:9330
06.04 23:57:15:103 RLS3_Voronezh_Kazan В 23:57:15:087 Обнаружена цель id:f1eb1cr с координатами 1425234 3714321 тип:KR скорость:966
06.04 23:58:27:621 RLS3_Voronezh_Kazan В 23:58:27:596 Обнаружена цель id:23d0e5r с координатами 3708601 1345521 тип:KR скорость:984
06.04 23:58:58:043 RLS3_Voronezh_Kazan В 23:58:58:020 Обнаружена цель id:c71484b с координатами 4180030 1629530 тип:BB_BR скорость:8885
06.04 23:58:58:193 RLS3_Voronezh_Kazan Цель id:c71484b движется в направлении СПРО
07.04 00:00:10:008 RLS3_Voronezh_Kazan В 00:00:09:992 Обнаружена цель id:130e88b с координатами 2081622 5764013 тип:BB_BR скорость:9330
07.04 00:00:37:687 RLS3_Voronezh_Kazan В 00:00:37:659 Обнаружена цель id:299b50s с координатами 1327580 4274982 тип:SAM скорость:242
07.04 00:01:08:532 RLS3_Voronezh_Kazan В 00:01:08:514 Обнаружена цель id:f1eb1cr с координатами 1431552 3751488 тип:KR скорость:966
07.04 00:02:19:072 RLS3_Voronezh_Kazan В 00:02:19:052 Обнаружена цель id:4f3e32r с координатами 1466193 2150029 тип:KR скорость:269
07.04 00:02:46:526 RLS3_Voronezh_Kazan В 00:02:46:511 Обнаружена цель id:92d49cr с координатами 2358118 5542048 тип:KR скорость:479
07.04 00:03:11:965 RLS3_Voronezh_Kazan В 00:03:11:956 Обнаружена цель id:acca9bb с координатами 3001944 2558824 тип:BB_BR скорость:9306
07.04 00:03:38:372 RLS3_Voronezh_Kazan В 00:03:38:357 Обнаружена цель id:eb93d1s с координатами 2744794 3880607 тип:SAM скорость:206
07.04 00:04:05:679 RLS3_Voronezh_Kazan В 00:04:05:668 Обнаружена цель id:6e0d7cb с координатами 2403020 5188080 тип:BB_BR скорость:8558
07.04 00:05:19:343 RLS3_Voronezh_Kazan В 00:05:19:311 Обнаружена цель id:130e88b с координатами 2141088 6254952 тип:BB_BR скорость:9330
07.04 00:05:49:043 RLS3_Voronezh_Kazan В 00:05:49:029 Обнаружена цель id:299b50s с координатами 1328600 4262640 тип:SAM скорость:242
07.04 00:06:12:728 RLS3_Voronezh_Kazan В 00:06:12:695 Обнаружена цель id:f1eb1cr с координатами 1440138 3801997 тип:KR скорость:966
07.04 00:06:41:644 RLS3_Voronezh_Kazan В 00:06:41:640 Обнаружена цель id:fb2311b с координатами 2671280 4275040 тип:BB_BR скорость:8566
07.04 00:06:41:802 RLS3_Voronezh_Kazan Цель id:fb2311b движется в направлении СПРО
07.04 00:07:54:797 RLS3_Voronezh_Kazan В 00:07:54:783 Обнаружена цель id:517e64b с координатами 4767402 996156 тип:BB_BR скорость:9192
07.04 00:07:54:963 RLS3_Voronezh_Kazan Цель id:517e64b движется в направлении СПРО
07.04 00:08:18:705 RLS3_Voronezh_Kazan В 00:08:18:670 Обнаружена цель id:eb93d1s с координатами 2748616 3871248 тип:SAM скорость:206
07.04 00:08:51:515 RLS3_Voronezh_Kazan В 00:08:51:509 Обнаружена цель id:6b80e2b с координатами 2882472 4311594 тип:BB_BR скорость:8677
07.04 00:08:51:655 RLS3_Voronezh_Kazan Цель id:6b80e2b движется в направлении СПРО
07.04 00:10:00:901 RLS3_Voronezh_Kazan В 00:10:00:880 Обнаружена цель id:12ffa5r с координатами 3225772 1859468 тип:KR скорость:718
07.04 00:10:28:386 RLS3_Voronezh_Kazan В 00:10:28:370 Обнаружена цель id:fb2311b с координатами 2838512 3985816 тип:BB_BR скорость:8566
07.04 00:10:28:515 RLS3_Voronezh_Kazan Цель id:fb2311b движется в направлении СПРО
07.04 00:11:54:907 RLS3_Voronezh_Kazan В 00:11:54:888 Обнаружена цель id:e4e771b с координатами 2419709 5030748 тип:BB_BR скорость:8242
07.04 00:11:55:084 RLS3_Voronezh_Kazan Цель id:e4e771b движется в направлении СПРО
07.04 00:12:15:885 RLS3_Voronezh_Kazan В 00:12:15:873 Обнаружена цель id:517e64b с координатами 5073378 1260684 тип:BB_BR скорость:9192
07.04 00:12:15:999 RLS3_Voronezh_Kazan Цель id:517e64b движется в направлении СПРО
07.04 00:12:42:444 RLS3_Voronezh_Kazan В 00:12:42:403 Обнаружена цель id:c71484b с координатами 5217943 2299093 тип:BB_BR скорость:8885
07.04 00:12:42:570 RLS3_Voronezh_Kazan Цель id:c71484b движется в направлении СПРО
07.04 00:13:06:708 RLS3_Voronezh_Kazan В 00:13:06:694 Обнаружена цель id:eb93d1s с координатами 2752282 3862271 тип:SAM скорость:206
07.04 00:14:00:484 RLS3_Voronezh_Kazan В 00:14:00:461 Обнаружена цель id:6b80e2b с координатами 3165768 3960386 тип:BB_BR скорость:8677
07.04 00:14:00:620 RLS3_Voronezh_Kazan Цель id:6b80e2b движется в направлении СПРО
07.04 00:15:14:144 RLS3_Voronezh_Kazan В 00:15:14:126 Обнаружена цель id:12ffa5r с координатами 3242048 1893112 тип:KR скорость:718
07.04 00:15:46:515 RLS3_Voronezh_Kazan В 00:15:46:503 Обнаружена цель id:c2480ar с координатами 3548718 3884592 тип:KR скорость:357
07.04 00:17:19:639 RLS3_Voronezh_Kazan В 00:17:19:607 Обнаружена цель id:b5aaefr с координатами 3933040 1943248 тип:KR скорость:304
07.04 00:17:51:333 RLS3_Voronezh_Kazan В 00:17:51:322 Обнаружена цель id:eb93d1s с координатами 2755948 3853294 тип:SAM скорость:206
07.04 00:19:00:025 RLS3_Voronezh_Kazan В 00:19:00:014 Обнаружена цель id:388e59b с координатами 5537440 2039080 тип:BB_BR скорость:9321
07.04 00:19:00:152 RLS3_Voronezh_Kazan Цель id:388e59b движется в направлении СПРО
07.04 00:21:00:566 RLS3_Voronezh_Kazan В 00:21:00:548 Обнаружена цель id:a33e14s с координатами 3269171 1583919 тип:SAM скорость:101
07.04 00:21:28:420 RLS3_Voronezh_Kazan В 00:21:28:394 Обнаружена цель id:ea5061b с координатами 3958960 3369438 тип:BB_BR скорость:8764
07.04 00:21:28:625 RLS3_Voronezh_Kazan Цель id:ea5061b движется в направлении СПРО
07.04 00:21:54:022 RLS3_Voronezh_Kazan В 00:21:54:016 Обнаружена цель id:12ffa5r с координатами 3262080 1934520 тип:KR скорость:718
07.04 00:22:19:638 RLS3_Voronezh_Kazan В 00:22:19:612 Обнаружена цель id:2301b5s с координатами 1747189 5273037 тип:SAM скорость:244
07.04 00:22:47:260 RLS3_Voronezh_Kazan В 00:22:47:243 Обнаружена цель id:c2480ar с координатами 3568806 3868464 тип:KR скорость:357
07.04 00:23:11:137 RLS3_Voronezh_Kazan В 00:23:11:117 Обнаружена цель id:88f485s с координатами 3216248 1023832 тип:SAM скорость:222
07.04 00:24:20:375 RLS3_Voronezh_Kazan В 00:24:20:361 Обнаружена цель id:69a4a0s с координатами 2219076 5769248 тип:SAM скорость:128
07.04 00:24:47:821 RLS3_Voronezh_Kazan В 00:24:47:807 Обнаружена цель id:777f69b с координатами 3329752 3297436 тип:BB_BR скорость:8658
07.04 00:24:48:042 RLS3_Voronezh_Kazan Цель id:777f69b движется в направлении СПРО
07.04 00:26:05:271 RLS3_Voronezh_Kazan В 00:26:05:262 Обнаружена цель id:2301b5s с координатами 1748291 5263803 тип:SAM скорость:244
07.04 00:26:35:733 RLS3_Voronezh_Kazan В 00:26:35:707 Обнаружена цель id:6ec8aab с координатами 2235280 5220216 тип:BB_BR скорость:9931
07.04 00:26:35:868 RLS3_Voronezh_Kazan Цель id:6ec8aab движется в направлении СПРО
07.04 00:28:12:108 RLS3_Voronezh_Kazan В 00:28:12:097 Обнаружена цель id:69a4a0s с координатами 2222742 5765816 тип:SAM скорость:128
07.04 00:28:43:244 RLS3_Voronezh_Kazan В 00:28:43:209 Обнаружена цель id:e9e8acb с координатами 2924512 3519024 тип:BB_BR скорость:9087
07.04 00:28:43:394 RLS3_Voronezh_Kazan Цель id:e9e8acb движется в направлении СПРО
07.04 00:29:53:484 RLS3_Voronezh_Kazan В 00:29:53:475 Обнаружена цель id:ea5061b с координатами 4172240 2646522 тип:BB_BR скорость:8764
07.04 00:30:23:771 RLS3_Voronezh_Kazan В 00:30:23:757 Обнаружена цель id:8cbdbes с координатами 2043078 2420288 тип:SAM скорость:181
07.04 00:31:38:844 RLS3_Voronezh_Kazan В 00:31:38:797 Обнаружена цель id:1a6760r с координатами 2085042 2483910 тип:KR скорость:421
07.04 00:32:51:521 RLS3_Voronezh_Kazan В 00:32:51:507 Обнаружена цель id:8cbdbes с координатами 2044446 2424416 тип:SAM скорость:181
07.04 00:34:00:712 RLS3_Voronezh_Kazan В 00:34:00:703 Обнаружена цель id:fecb7es с координатами 1336197 3105209 тип:SAM скорость:192
07.04 00:34:29:968 RLS3_Voronezh_Kazan В 00:34:29:929 Обнаружена цель id:1a6760r с координатами 2093190 2492450 тип:KR скорость:421
07.04 00:35:50:692 RLS3_Voronezh_Kazan В 00:35:50:673 Обнаружена цель id:b05195b с координатами 3220056 2496884 тип:BB_BR скорость:9656
07.04 00:35:50:837 RLS3_Voronezh_Kazan Цель id:b05195b движется в направлении СПРО
07.04 00:36:12:044 RLS3_Voronezh_Kazan В 00:36:12:027 Обнаружена цель id:961c3bs с координатами 5339905 1731315 тип:SAM скорость:75
07.04 00:36:41:286 RLS3_Voronezh_Kazan В 00:36:41:257 Обнаружена цель id:45c77es с координатами 4688172 2857240 тип:SAM скорость:134
07.04 00:37:54:168 RLS3_Voronezh_Kazan В 00:37:54:153 Обнаружена цель id:69de97b с координатами 1360528 1684696 тип:BB_BR скорость:9267
07.04 00:37:54:304 RLS3_Voronezh_Kazan Цель id:69de97b движется в направлении СПРО
07.04 00:39:51:475 RLS3_Voronezh_Kazan В 00:39:51:461 Обнаружена цель id:b05195b с координатами 3245640 2891960 тип:BB_BR скорость:9656
07.04 00:39:51:564 RLS3_Voronezh_Kazan Цель id:b05195b движется в направлении СПРО
07.04 00:40:16:920 RLS3_Voronezh_Kazan В 00:40:16:913 Обнаружена цель id:952247b с координатами 2452651 5511598 тип:BB_BR скорость:9129
07.04 00:40:46:251 RLS3_Voronezh_Kazan В 00:40:46:236 Обнаружена цель id:961c3bs с координатами 5336620 1732260 тип:SAM скорость:75
07.04 00:41:10:267 RLS3_Voronezh_Kazan В 00:41:10:243 Обнаружена цель id:eb662cs с координатами 5562653 1620284 тип:SAM скорость:96
07.04 00:43:06:979 RLS3_Voronezh_Kazan В 00:43:06:963 Обнаружена цель id:fecb7es с координатами 1351745 3113765 тип:SAM скорость:192
07.04 00:43:38:890 RLS3_Voronezh_Kazan В 00:43:38:872 Обнаружена цель id:9fe041b с координатами 2207950 3866550 тип:BB_BR скорость:8161
07.04 00:43:39:062 RLS3_Voronezh_Kazan Цель id:9fe041b движется в направлении СПРО
07.04 00:44:01:787 RLS3_Voronezh_Kazan В 00:44:01:780 Обнаружена цель id:912382r с координатами 3225057 1384760 тип:KR скорость:527
07.04 00:44:33:833 RLS3_Voronezh_Kazan В 00:44:33:824 Обнаружена цель id:7b3d3bb с координатами 2657104 2705222 тип:BB_BR скорость:8396
07.04 00:44:33:937 RLS3_Voronezh_Kazan Цель id:7b3d3bb движется в направлении СПРО
07.04 00:44:56:528 RLS3_Voronezh_Kazan В 00:44:56:498 Обнаружена цель id:c77883s с координатами 1310210 4665980 тип:SAM скорость:143
07.04 00:46:07:688 RLS3_Voronezh_Kazan В 00:46:07:672 Обнаружена цель id:b05195b с координатами 3286200 3518300 тип:BB_BR скорость:9656
07.04 00:46:38:923 RLS3_Voronezh_Kazan В 00:46:38:913 Обнаружена цель id:961c3bs с координатами 5332167 1733541 тип:SAM скорость:75
07.04 00:47:04:324 RLS3_Voronezh_Kazan В 00:47:04:308 Обнаружена цель id:6e27d8b с координатами 1609930 2636790 тип:BB_BR скорость:8643
07.04 00:47:04:441 RLS3_Voronezh_Kazan Цель id:6e27d8b движется в направлении СПРО
07.04 00:50:42:347 RLS3_Voronezh_Kazan В 00:50:42:337 Обнаружена цель id:6e27d8b с координатами 1732992 2931976 тип:BB_BR скорость:8643
07.04 00:50:42:491 RLS3_Voronezh_Kazan Цель id:6e27d8b движется в направлении СПРО
07.04 00:51:54:389 RLS3_Voronezh_Kazan В 00:51:54:365 Обнаружена цель id:69de97b с координатами 1397068 3027976 тип:BB_BR скорость:9267
07.04 00:51:54:510 RLS3_Voronezh_Kazan Цель id:69de97b движется в направлении СПРО
07.04 00:52:25:531 RLS3_Voronezh_Kazan В 00:52:25:523 Обнаружена цель id:b05195b с координатами 3326136 4135004 тип:BB_BR скорость:9656
07.04 00:53:36:612 RLS3_Voronezh_Kazan В 00:53:36:595 Обнаружена цель id:487bc2s с координатами 5459750 1990620 тип:SAM скорость:238
07.04 00:54:49:999 RLS3_Voronezh_Kazan В 00:54:49:967 Обнаружена цель id:b05195b с координатами 3342360 4385540 тип:BB_BR скорость:9656
07.04 00:55:21:567 RLS3_Voronezh_Kazan В 00:55:21:556 Обнаружена цель id:6c8d35s с координатами 1352855 5164425 тип:SAM скорость:69
07.04 00:56:35:073 RLS3_Voronezh_Kazan В 00:56:35:051 Обнаружена цель id:19cf18s с координатами 2128325 3781000 тип:SAM скорость:53
07.04 00:57:00:507 RLS3_Voronezh_Kazan В 00:57:00:490 Обнаружена цель id:a3cb18r с координатами 4331754 1940238 тип:KR скорость:365
07.04 00:57:29:016 RLS3_Voronezh_Kazan В 00:57:28:983 Обнаружена цель id:487bc2s с координатами 5466400 1996776 тип:SAM скорость:238
07.04 00:58:45:629 RLS3_Voronezh_Kazan В 00:58:45:608 Обнаружена цель id:e8a768b с координатами 2017950 1885175 тип:BB_BR скорость:8699
07.04 00:58:45:778 RLS3_Voronezh_Kazan Цель id:e8a768b движется в направлении СПРО
07.04 00:59:16:355 RLS3_Voronezh_Kazan В 00:59:16:335 Обнаружена цель id:6e27d8b с координатами 2019028 3618084 тип:BB_BR скорость:8643
07.04 00:59:16:484 RLS3_Voronezh_Kazan Цель id:6e27d8b движется в направлении СПРО
07.04 01:00:27:005 RLS3_Voronezh_Kazan В 01:00:26:977 Обнаружена цель id:19cf18s с координатами 2130339 3781000 тип:SAM скорость:53
07.04 01:00:53:174 RLS3_Voronezh_Kazan В 01:00:53:150 Обнаружена цель id:6c8d35s с координатами 1355823 5161905 тип:SAM скорость:69
07.04 01:02:04:512 RLS3_Voronezh_Kazan В 01:02:04:499 Обнаружена цель id:6d4191s с координатами 2247103 1629843 тип:SAM скорость:101
07.04 01:02:28:833 RLS3_Voronezh_Kazan В 01:02:28:786 Обнаружена цель id:bffb32s с координатами 2960749 4204159 тип:SAM скорость:184
07.04 01:02:56:529 RLS3_Voronezh_Kazan В 01:02:56:523 Обнаружена цель id:56f113b с координатами 5638811 1746845 тип:BB_BR скорость:9228
07.04 01:02:56:680 RLS3_Voronezh_Kazan Цель id:56f113b движется в направлении СПРО
07.04 01:03:22:232 RLS3_Voronezh_Kazan В 01:03:22:196 Обнаружена цель id:9d4b32b с координатами 2360224 5486604 тип:BB_BR скорость:8259
07.04 01:03:22:356 RLS3_Voronezh_Kazan Цель id:9d4b32b движется в направлении СПРО
07.04 01:03:48:898 RLS3_Voronezh_Kazan В 01:03:48:877 Обнаружена цель id:3200dar с координатами 5680240 951936 тип:KR скорость:267
07.04 01:05:25:145 RLS3_Voronezh_Kazan В 01:05:25:129 Обнаружена цель id:4cba05s с координатами 1709112 1691772 тип:SAM скорость:105
07.04 01:05:53:913 RLS3_Voronezh_Kazan В 01:05:53:898 Обнаружена цель id:6c8d35s с координатами 1358579 5159565 тип:SAM скорость:69
07.04 01:07:49:437 RLS3_Voronezh_Kazan В 01:07:49:422 Обнаружена цель id:19cf18s с координатами 2134367 3781000 тип:SAM скорость:53
07.04 01:08:14:886 RLS3_Voronezh_Kazan В 01:08:14:868 Обнаружена цель id:c2053cb с координатами 2278409 4875130 тип:BB_BR скорость:8822
07.04 01:08:15:052 RLS3_Voronezh_Kazan Цель id:c2053cb движется в направлении СПРО
07.04 01:08:42:769 RLS3_Voronezh_Kazan В 01:08:42:755 Обнаружена цель id:adde9br с координатами 6323480 1524906 тип:KR скорость:369
07.04 01:09:35:038 RLS3_Voronezh_Kazan В 01:09:35:029 Обнаружена цель id:9d4b32b с координатами 2819616 5225036 тип:BB_BR скорость:8259
07.04 01:09:35:133 RLS3_Voronezh_Kazan Цель id:9d4b32b движется в направлении СПРО
07.04 01:10:45:572 RLS3_Voronezh_Kazan В 01:10:45:542 Обнаружена цель id:4cba05s с координатами 1712568 1696308 тип:SAM скорость:105
07.04 01:11:09:100 RLS3_Voronezh_Kazan В 01:11:09:084 Обнаружена цель id:5abfa3s с координатами 6163360 1211380 тип:SAM скорость:170
07.04 01:12:19:318 RLS3_Voronezh_Kazan В 01:12:19:310 Обнаружена цель id:6d4191s с координатами 2255284 1636004 тип:SAM скорость:101
07.04 01:12:54:404 RLS3_Voronezh_Kazan В 01:12:54:354 Обнаружена цель id:3200dar с координатами 5703955 959562 тип:KR скорость:267
07.04 01:14:10:000 RLS3_Voronezh_Kazan В 01:14:09:979 Обнаружена цель id:d6cfd7r с координатами 4372032 2599672 тип:KR скорость:438
07.04 01:14:32:648 RLS3_Voronezh_Kazan В 01:14:32:623 Обнаружена цель id:e8a768b с координатами 2476644 3134726 тип:BB_BR скорость:8699
07.04 01:14:32:800 RLS3_Voronezh_Kazan Цель id:e8a768b движется в направлении СПРО
07.04 01:15:02:133 RLS3_Voronezh_Kazan В 01:15:02:121 Обнаружена цель id:97eb4er с координатами 1363904 3700200 тип:KR скорость:601
07.04 01:16:15:751 RLS3_Voronezh_Kazan В 01:16:15:733 Обнаружена цель id:9eba3db с координатами 3249000 4157288 тип:BB_BR скорость:8333
07.04 01:16:15:876 RLS3_Voronezh_Kazan Цель id:9eba3db движется в направлении СПРО
07.04 01:16:40:733 RLS3_Voronezh_Kazan В 01:16:40:723 Обнаружена цель id:c2053cb с координатами 2940245 4541650 тип:BB_BR скорость:8822
07.04 01:16:40:915 RLS3_Voronezh_Kazan Цель id:c2053cb движется в направлении СПРО
07.04 01:17:08:097 RLS3_Voronezh_Kazan В 01:17:08:060 Обнаружена цель id:eb7410s с координатами 3371060 4166705 тип:SAM скорость:248
07.04 01:17:31:789 RLS3_Voronezh_Kazan В 01:17:31:762 Обнаружена цель id:5aa3car с координатами 2364754 4504908 тип:KR скорость:584
07.04 01:18:01:625 RLS3_Voronezh_Kazan В 01:18:01:602 Обнаружена цель id:9ffb41s с координатами 1857924 5166164 тип:SAM скорость:132
07.04 01:19:13:189 RLS3_Voronezh_Kazan В 01:19:13:163 Обнаружена цель id:d6cfd7r с координатами 4383864 2618644 тип:KR скорость:438
07.04 01:19:42:382 RLS3_Voronezh_Kazan В 01:19:42:362 Обнаружена цель id:97eb4er с координатами 1375616 3673800 тип:KR скорость:601
07.04 01:20:55:910 RLS3_Voronezh_Kazan В 01:20:55:894 Обнаружена цель id:71083fs с координатами 3589318 3189906 тип:SAM скорость:150
07.04 01:22:07:826 RLS3_Voronezh_Kazan В 01:22:07:810 Обнаружена цель id:5aa3car с координатами 2379106 4480812 тип:KR скорость:584
07.04 01:22:36:901 RLS3_Voronezh_Kazan В 01:22:36:884 Обнаружена цель id:9ffb41s с координатами 1858392 5171312 тип:SAM скорость:132
07.04 01:23:47:930 RLS3_Voronezh_Kazan В 01:23:47:914 Обнаружена цель id:edc610s с координатами 4431836 2709598 тип:SAM скорость:230
07.04 01:24:10:855 RLS3_Voronezh_Kazan В 01:24:10:833 Обнаружена цель id:88c922r с координатами 1400458 4761618 тип:KR скорость:309
07.04 01:24:40:111 RLS3_Voronezh_Kazan В 01:24:40:096 Обнаружена цель id:4a9769b с координатами 2312950 4920993 тип:BB_BR скорость:8098
07.04 01:24:40:261 RLS3_Voronezh_Kazan Цель id:4a9769b движется в направлении СПРО
07.04 01:25:53:083 RLS3_Voronezh_Kazan В 01:25:53:073 Обнаружена цель id:9cf64fs с координатами 5574878 1108980 тип:SAM скорость:103
07.04 01:26:17:328 RLS3_Voronezh_Kazan В 01:26:17:318 Обнаружена цель id:f21300s с координатами 1498810 4238992 тип:SAM скорость:71
07.04 01:27:30:573 RLS3_Voronezh_Kazan В 01:27:30:561 Обнаружена цель id:4a9769b с координатами 2447800 5113292 тип:BB_BR скорость:8098
07.04 01:27:30:723 RLS3_Voronezh_Kazan Цель id:4a9769b движется в направлении СПРО
07.04 01:29:08:982 RLS3_Voronezh_Kazan В 01:29:08:965 Обнаружена цель id:a3f20ab с координатами 4031474 1047480 тип:BB_BR скорость:9420
07.04 01:29:09:169 RLS3_Voronezh_Kazan Цель id:a3f20ab движется в направлении СПРО
07.04 01:29:39:098 RLS3_Voronezh_Kazan В 01:29:39:079 Обнаружена цель id:a9137as с координатами 3773800 2227125 тип:SAM скорость:168
07.04 01:30:02:959 RLS3_Voronezh_Kazan В 01:30:02:952 Обнаружена цель id:1e0083b с координатами 2902088 3514336 тип:BB_BR скорость:9776
07.04 01:30:03:047 RLS3_Voronezh_Kazan Цель id:1e0083b движется в направлении СПРО
07.04 01:30:30:492 RLS3_Voronezh_Kazan В 01:30:30:474 Обнаружена цель id:2a0abab с координатами 6329460 1111480 тип:BB_BR скорость:9206
07.04 01:30:30:627 RLS3_Voronezh_Kazan Цель id:2a0abab движется в направлении СПРО
07.04 01:30:55:435 RLS3_Voronezh_Kazan В 01:30:55:425 Обнаружена цель id:f10b5dr с координатами 2046348 3746342 тип:KR скорость:647
07.04 01:31:23:074 RLS3_Voronezh_Kazan В 01:31:23:052 Обнаружена цель id:024118r с координатами 2377856 5559694 тип:KR скорость:975
07.04 01:31:53:568 RLS3_Voronezh_Kazan В 01:31:53:551 Обнаружена цель id:5aa3car с координатами 2408408 4431616 тип:KR скорость:584
07.04 01:33:24:367 RLS3_Voronezh_Kazan В 01:33:24:354 Обнаружена цель id:4a9769b с координатами 2712850 5491259 тип:BB_BR скорость:8098
07.04 01:33:24:499 RLS3_Voronezh_Kazan Цель id:4a9769b движется в направлении СПРО
07.04 01:34:37:069 RLS3_Voronezh_Kazan В 01:34:37:055 Обнаружена цель id:e96727r с координатами 1475996 5456020 тип:KR скорость:608
07.04 01:35:49:576 RLS3_Voronezh_Kazan В 01:35:49:559 Обнаружена цель id:a3f20ab с координатами 4374212 1566240 тип:BB_BR скорость:9420
07.04 01:35:49:714 RLS3_Voronezh_Kazan Цель id:a3f20ab движется в направлении СПРО
07.04 01:36:13:131 RLS3_Voronezh_Kazan В 01:36:13:111 Обнаружена цель id:a9137as с координатами 3775944 2238180 тип:SAM скорость:168
07.04 01:36:44:991 RLS3_Voronezh_Kazan В 01:36:44:969 Обнаружена цель id:276597b с координатами 4352264 2630084 тип:BB_BR скорость:9005
07.04 01:36:45:105 RLS3_Voronezh_Kazan Цель id:276597b движется в направлении СПРО
07.04 01:38:00:995 RLS3_Voronezh_Kazan В 01:38:00:983 Обнаружена цель id:f10b5dr с координатами 2089232 3729728 тип:KR скорость:647
07.04 01:38:31:758 RLS3_Voronezh_Kazan В 01:38:31:748 Обнаружена цель id:024118r с координатами 2418184 5503391 тип:KR скорость:975
07.04 01:39:43:436 RLS3_Voronezh_Kazan В 01:39:43:417 Обнаружена цель id:65897db с координатами 4983136 1460282 тип:BB_BR скорость:8119
07.04 01:39:43:603 RLS3_Voronezh_Kazan Цель id:65897db движется в направлении СПРО
07.04 01:40:06:575 RLS3_Voronezh_Kazan В 01:40:06:560 Обнаружена цель id:02fd5er с координатами 2099918 2777766 тип:KR скорость:466
07.04 01:40:36:770 RLS3_Voronezh_Kazan В 01:40:36:760 Обнаружена цель id:f9148ab с координатами 3109203 2810487 тип:BB_BR скорость:9339
07.04 01:40:36:868 RLS3_Voronezh_Kazan Цель id:f9148ab движется в направлении СПРО
07.04 01:41:47:189 RLS3_Voronezh_Kazan В 01:41:47:171 Обнаружена цель id:e96727r с координатами 1491618 5414410 тип:KR скорость:608
07.04 01:43:48:820 RLS3_Voronezh_Kazan В 01:43:48:792 Обнаружена цель id:bc138fr с координатами 3471746 1692988 тип:KR скорость:417
07.04 01:44:16:770 RLS3_Voronezh_Kazan В 01:44:16:758 Обнаружена цель id:72c7adr с координатами 2147068 5769200 тип:KR скорость:911
07.04 01:44:45:810 RLS3_Voronezh_Kazan В 01:44:45:801 Обнаружена цель id:024118r с координатами 2453968 5453432 тип:KR скорость:975
07.04 01:45:53:609 RLS3_Voronezh_Kazan В 01:45:53:599 Обнаружена цель id:ab191dr с координатами 5212226 2179194 тип:KR скорость:984
07.04 01:46:20:474 RLS3_Voronezh_Kazan В 01:46:20:465 Обнаружена цель id:65897db с координатами 5217872 1960014 тип:BB_BR скорость:8119
07.04 01:46:20:600 RLS3_Voronezh_Kazan Цель id:65897db движется в направлении СПРО
07.04 01:46:46:681 RLS3_Voronezh_Kazan В 01:46:46:656 Обнаружена цель id:bbd76cb с координатами 2599824 3367208 тип:BB_BR скорость:8229
07.04 01:46:46:807 RLS3_Voronezh_Kazan Цель id:bbd76cb движется в направлении СПРО
07.04 01:47:12:059 RLS3_Voronezh_Kazan В 01:47:12:035 Обнаружена цель id:1ffca9b с координатами 1906100 1098426 тип:BB_BR скорость:8645
07.04 01:47:12:216 RLS3_Voronezh_Kazan Цель id:1ffca9b движется в направлении СПРО
07.04 01:47:40:700 RLS3_Voronezh_Kazan В 01:47:40:676 Обнаружена цель id:f9148ab с координатами 3274986 3471794 тип:BB_BR скорость:9339
07.04 01:47:40:838 RLS3_Voronezh_Kazan Цель id:f9148ab движется в направлении СПРО
07.04 01:49:41:083 RLS3_Voronezh_Kazan В 01:49:41:056 Обнаружена цель id:e96727r с координатами 1508524 5369380 тип:KR скорость:608
07.04 01:50:52:172 RLS3_Voronezh_Kazan В 01:50:52:161 Обнаружена цель id:3b0fbds с координатами 6182125 1740525 тип:SAM скорость:61
07.04 01:51:21:003 RLS3_Voronezh_Kazan В 01:51:20:976 Обнаружена цель id:ab191dr с координатами 5264861 2192009 тип:KR скорость:984
07.04 01:51:44:915 RLS3_Voronezh_Kazan В 01:51:44:906 Обнаружена цель id:516e4es с координатами 1741292 4876131 тип:SAM скорость:248
07.04 01:52:11:587 RLS3_Voronezh_Kazan В 01:52:11:567 Обнаружена цель id:f9148ab с координатами 3379452 3888508 тип:BB_BR скорость:9339
07.04 01:52:11:792 RLS3_Voronezh_Kazan Цель id:f9148ab движется в направлении СПРО
07.04 01:54:50:194 RLS3_Voronezh_Kazan В 01:54:50:167 Обнаружена цель id:abffb5s с координатами 4357288 1553080 тип:SAM скорость:190
07.04 01:55:19:584 RLS3_Voronezh_Kazan В 01:55:19:556 Обнаружена цель id:aa6fcdr с координатами 5272288 1469568 тип:KR скорость:617
07.04 01:56:30:484 RLS3_Voronezh_Kazan В 01:56:30:476 Обнаружена цель id:3b0fbds с координатами 6182410 1744002 тип:SAM скорость:61
07.04 01:56:55:790 RLS3_Voronezh_Kazan В 01:56:55:769 Обнаружена цель id:ab191dr с координатами 5320367 2205523 тип:KR скорость:984
07.04 01:57:28:265 RLS3_Voronezh_Kazan В 01:57:28:253 Обнаружена цель id:516e4es с координатами 1752464 4884852 тип:SAM скорость:248
07.04 01:58:52:679 RLS3_Voronezh_Kazan В 01:58:52:668 Обнаружена цель id:8b9146b с координатами 2138344 5022057 тип:BB_BR скорость:9478
07.04 01:58:52:824 RLS3_Voronezh_Kazan Цель id:8b9146b движется в направлении СПРО
07.04 02:00:53:169 RLS3_Voronezh_Kazan В 02:00:53:159 Обнаружена цель id:abffb5s с координатами 4364770 1561200 тип:SAM скорость:190
07.04 02:02:05:707 RLS3_Voronezh_Kazan В 02:02:05:697 Обнаружена цель id:ab191dr с координатами 5367260 2216940 тип:KR скорость:984
07.04 02:03:15:577 RLS3_Voronezh_Kazan В 02:03:15:550 Обнаружена цель id:c18e34r с координатами 1329310 1957250 тип:KR скорость:720
07.04 02:04:25:211 RLS3_Voronezh_Kazan В 02:04:25:198 Обнаружена цель id:ab191dr с координатами 5385443 2221367 тип:KR скорость:984
07.04 02:06:18:646 RLS3_Voronezh_Kazan В 02:06:18:619 Обнаружена цель id:2c5881b с координатами 2102016 3406322 тип:BB_BR скорость:8123
07.04 02:06:18:808 RLS3_Voronezh_Kazan Цель id:2c5881b движется в направлении СПРО
07.04 02:06:44:753 RLS3_Voronezh_Kazan В 02:06:44:729 Обнаружена цель id:07e5c4r с координатами 2345600 3881000 тип:KR скорость:590
07.04 02:07:10:035 RLS3_Voronezh_Kazan В 02:07:10:020 Обнаружена цель id:c18e34r с координатами 1347950 1979250 тип:KR скорость:720
07.04 02:08:22:099 RLS3_Voronezh_Kazan В 02:08:22:083 Обнаружена цель id:a326f5s с координатами 2382452 4174708 тип:SAM скорость:134
07.04 02:09:34:175 RLS3_Voronezh_Kazan В 02:09:34:146 Обнаружена цель id:f19ae3s с координатами 2006809 3244646 тип:SAM скорость:118
07.04 02:09:58:492 RLS3_Voronezh_Kazan В 02:09:58:421 Обнаружена цель id:47cc41s с координатами 1764091 4697951 тип:SAM скорость:107
07.04 02:10:32:042 RLS3_Voronezh_Kazan В 02:10:32:007 Обнаружена цель id:984b7fr с координатами 2638186 2606497 тип:KR скорость:300
07.04 02:10:56:777 RLS3_Voronezh_Kazan В 02:10:56:750 Обнаружена цель id:49f34db с координатами 6106357 1723451 тип:BB_BR скорость:8655
07.04 02:10:56:930 RLS3_Voronezh_Kazan Цель id:49f34db движется в направлении СПРО
07.04 02:12:05:085 RLS3_Voronezh_Kazan В 02:12:05:070 Обнаружена цель id:07e5c4r с координатами 2362610 3854000 тип:KR скорость:590
07.04 02:12:32:866 RLS3_Voronezh_Kazan В 02:12:32:847 Обнаружена цель id:a326f5s с координатами 2387534 4177186 тип:SAM скорость:134
07.04 02:14:37:690 RLS3_Voronezh_Kazan В 02:14:37:676 Обнаружена цель id:dcad23r с координатами 1768016 5827516 тип:KR скорость:703
07.04 02:15:01:566 RLS3_Voronezh_Kazan В 02:15:01:551 Обнаружена цель id:d012ecr с координатами 3931980 1668180 тип:KR скорость:944
07.04 02:15:32:130 RLS3_Voronezh_Kazan В 02:15:32:117 Обнаружена цель id:07e5c4r с координатами 2373320 3837000 тип:KR скорость:590
07.04 02:15:54:314 RLS3_Voronezh_Kazan В 02:15:54:293 Обнаружена цель id:984b7fr с координатами 2648378 2619881 тип:KR скорость:300
07.04 02:17:05:675 RLS3_Voronezh_Kazan В 02:17:05:646 Обнаружена цель id:cd5115r с координатами 3208542 2887870 тип:KR скорость:470
07.04 02:17:32:913 RLS3_Voronezh_Kazan В 02:17:32:880 Обнаружена цель id:d00790s с координатами 3424653 4289413 тип:SAM скорость:153
07.04 02:17:59:672 RLS3_Voronezh_Kazan В 02:17:59:645 Обнаружена цель id:a326f5s с координатами 2394310 4180490 тип:SAM скорость:134
07.04 02:19:14:567 RLS3_Voronezh_Kazan В 02:19:14:556 Обнаружена цель id:c061c4b с координатами 3177524 3320338 тип:BB_BR скорость:8411
07.04 02:19:14:727 RLS3_Voronezh_Kazan Цель id:c061c4b движется в направлении СПРО
07.04 02:19:39:486 RLS3_Voronezh_Kazan В 02:19:39:475 Обнаружена цель id:47cc41s с координатами 1768068 4688348 тип:SAM скорость:107
07.04 02:20:55:078 RLS3_Voronezh_Kazan В 02:20:55:057 Обнаружена цель id:a326f5s с координатами 2397819 4182201 тип:SAM скорость:134
07.04 02:22:04:301 RLS3_Voronezh_Kazan В 02:22:04:281 Обнаружена цель id:615f17s с координатами 1696272 2102394 тип:SAM скорость:83
07.04 02:23:15:444 RLS3_Voronezh_Kazan В 02:23:15:432 Обнаружена цель id:329cc4s с координатами 2502165 3996717 тип:SAM скорость:247
07.04 02:23:41:137 RLS3_Voronezh_Kazan В 02:23:41:123 Обнаружена цель id:c061c4b с координатами 3484732 3113934 тип:BB_BR скорость:8411
07.04 02:23:41:255 RLS3_Voronezh_Kazan Цель id:c061c4b движется в направлении СПРО
07.04 02:24:07:030 RLS3_Voronezh_Kazan В 02:24:07:021 Обнаружена цель id:d012ecr с координатами 3956186 1750626 тип:KR скорость:944
07.04 02:25:46:400 RLS3_Voronezh_Kazan В 02:25:46:390 Обнаружена цель id:5d7d47b с координатами 1819960 5316520 тип:BB_BR скорость:8803
07.04 02:25:46:529 RLS3_Voronezh_Kazan Цель id:5d7d47b движется в направлении СПРО
07.04 02:26:56:976 RLS3_Voronezh_Kazan В 02:26:56:955 Обнаружена цель id:11556fs с координатами 3123030 3248000 тип:SAM скорость:134
07.04 02:27:27:758 RLS3_Voronezh_Kazan В 02:27:27:745 Обнаружена цель id:615f17s с координатами 1697120 2106740 тип:SAM скорость:83
07.04 02:27:50:200 RLS3_Voronezh_Kazan В 02:27:50:188 Обнаружена цель id:789a26r с координатами 6275790 1513613 тип:KR скорость:972
07.04 02:28:20:858 RLS3_Voronezh_Kazan В 02:28:20:836 Обнаружена цель id:4b2214b с координатами 2048400 4078350 тип:BB_BR скорость:8814
07.04 02:28:21:011 RLS3_Voronezh_Kazan Цель id:4b2214b движется в направлении СПРО
07.04 02:29:31:800 RLS3_Voronezh_Kazan В 02:29:31:787 Обнаружена цель id:c061c4b с координатами 3903652 2832474 тип:BB_BR скорость:8411
07.04 02:29:31:971 RLS3_Voronezh_Kazan Цель id:c061c4b движется в направлении СПРО
07.04 02:30:01:147 RLS3_Voronezh_Kazan В 02:30:01:132 Обнаружена цель id:d012ecr с координатами 3972146 1804986 тип:KR скорость:944
07.04 02:31:16:687 RLS3_Voronezh_Kazan В 02:31:16:663 Обнаружена цель id:11556fs с координатами 3128658 3248000 тип:SAM скорость:134
07.04 02:31:42:138 RLS3_Voronezh_Kazan В 02:31:42:134 Обнаружена цель id:a87d6cr с координатами 1643825 4064765 тип:KR скорость:867
07.04 02:32:04:679 RLS3_Voronezh_Kazan В 02:32:04:655 Обнаружена цель id:789a26r с координатами 6297030 1541441 тип:KR скорость:972
07.04 02:33:14:809 RLS3_Voronezh_Kazan В 02:33:14:756 Обнаружена цель id:c061c4b с координатами 4155004 2663598 тип:BB_BR скорость:8411
07.04 02:33:15:017 RLS3_Voronezh_Kazan Цель id:c061c4b движется в направлении СПРО
07.04 02:33:39:988 RLS3_Voronezh_Kazan В 02:33:39:967 Обнаружена цель id:cae906b с координатами 1906888 3849124 тип:BB_BR скорость:9696
07.04 02:33:40:115 RLS3_Voronezh_Kazan Цель id:cae906b движется в направлении СПРО
07.04 02:34:04:953 RLS3_Voronezh_Kazan В 02:34:04:939 Обнаружена цель id:8fa127r с координатами 1869636 1442695 тип:KR скорость:750
07.04 02:35:15:005 RLS3_Voronezh_Kazan В 02:35:14:995 Обнаружена цель id:68eafcs с координатами 5651397 1020847 тип:SAM скорость:242
07.04 02:35:40:323 RLS3_Voronezh_Kazan В 02:35:40:312 Обнаружена цель id:a87d6cr с координатами 1678025 4058805 тип:KR скорость:867
07.04 02:36:55:005 RLS3_Voronezh_Kazan В 02:36:54:987 Обнаружена цель id:6c3e4fr с координатами 1714418 2509195 тип:KR скорость:391
07.04 02:37:26:271 RLS3_Voronezh_Kazan В 02:37:26:230 Обнаружена цель id:5170f6r с координатами 4058114 1388792 тип:KR скорость:312
07.04 02:37:49:134 RLS3_Voronezh_Kazan В 02:37:49:113 Обнаружена цель id:3bf4ebb с координатами 3535236 4147268 тип:BB_BR скорость:9411
07.04 02:37:49:320 RLS3_Voronezh_Kazan Цель id:3bf4ebb движется в направлении СПРО
07.04 02:38:21:138 RLS3_Voronezh_Kazan В 02:38:21:109 Обнаружена цель id:0a3aadr с координатами 3418204 3778540 тип:KR скорость:351
07.04 02:39:53:467 RLS3_Voronezh_Kazan В 02:39:53:447 Обнаружена цель id:68eafcs с координатами 5655189 1031839 тип:SAM скорость:242
07.04 02:40:23:330 RLS3_Voronezh_Kazan В 02:40:23:314 Обнаружена цель id:a87d6cr с координатами 1719065 4051653 тип:KR скорость:867
07.04 02:41:33:950 RLS3_Voronezh_Kazan В 02:41:33:932 Обнаружена цель id:6c3e4fr с координатами 1726802 2523355 тип:KR скорость:391
07.04 02:42:01:350 RLS3_Voronezh_Kazan В 02:42:01:321 Обнаружена цель id:27a945s с координатами 1808285 2241375 тип:SAM скорость:104
07.04 02:42:26:798 RLS3_Voronezh_Kazan В 02:42:26:785 Обнаружена цель id:be0d90s с координатами 5248200 1481660 тип:SAM скорость:131
07.04 02:43:40:826 RLS3_Voronezh_Kazan В 02:43:40:811 Обнаружена цель id:81769fb с координатами 3950112 2773510 тип:BB_BR скорость:9411
07.04 02:43:40:970 RLS3_Voronezh_Kazan Цель id:81769fb движется в направлении СПРО
07.04 02:44:10:198 RLS3_Voronezh_Kazan В 02:44:10:192 Обнаружена цель id:d6a9b9b с координатами 6172898 1434062 тип:BB_BR скорость:8108
07.04 02:44:10:366 RLS3_Voronezh_Kazan Цель id:d6a9b9b движется в направлении СПРО
07.04 02:45:22:627 RLS3_Voronezh_Kazan В 02:45:22:613 Обнаружена цель id:6c3e4fr с координатами 1736606 2534565 тип:KR скорость:391
07.04 02:45:49:593 RLS3_Voronezh_Kazan В 02:45:49:575 Обнаружена цель id:3bf4ebb с координатами 3774267 3423371 тип:BB_BR скорость:9411
07.04 02:45:49:718 RLS3_Voronezh_Kazan Цель id:3bf4ebb движется в направлении СПРО
07.04 02:46:19:532 RLS3_Voronezh_Kazan В 02:46:19:508 Обнаружена цель id:0a3aadr с координатами 3442523 3762355 тип:KR скорость:351
07.04 02:46:46:938 RLS3_Voronezh_Kazan В 02:46:46:916 Обнаружена цель id:cb02fcs с координатами 6309000 1746031 тип:SAM скорость:129
07.04 02:48:01:697 RLS3_Voronezh_Kazan В 02:48:01:678 Обнаружена цель id:81769fb с координатами 3958368 3178140 тип:BB_BR скорость:9411
07.04 02:48:01:878 RLS3_Voronezh_Kazan Цель id:81769fb движется в направлении СПРО
07.04 02:48:27:346 RLS3_Voronezh_Kazan В 02:48:27:330 Обнаружена цель id:ec60d4s с координатами 2592483 4356390 тип:SAM скорость:73
07.04 02:48:52:775 RLS3_Voronezh_Kazan В 02:48:52:758 Обнаружена цель id:06fbacs с координатами 2800851 2049038 тип:SAM скорость:116
07.04 02:49:20:196 RLS3_Voronezh_Kazan В 02:49:20:179 Обнаружена цель id:be0d90s с координатами 5253030 1489319 тип:SAM скорость:131
07.04 02:50:32:316 RLS3_Voronezh_Kazan В 02:50:32:311 Обнаружена цель id:0a3aadr с координатами 3455122 3753970 тип:KR скорость:351
07.04 02:51:02:712 RLS3_Voronezh_Kazan В 02:51:02:695 Обнаружена цель id:8d7e6bs с координатами 6733695 1206920 тип:SAM скорость:152
07.04 02:51:26:858 RLS3_Voronezh_Kazan В 02:51:26:827 Обнаружена цель id:0d8f4cs с координатами 5770580 1598862 тип:SAM скорость:204
07.04 02:52:39:319 RLS3_Voronezh_Kazan В 02:52:39:302 Обнаружена цель id:c57d5er с координатами 5220658 1215923 тип:KR скорость:427
07.04 02:53:51:384 RLS3_Voronezh_Kazan В 02:53:51:375 Обнаружена цель id:d5ddabb с координатами 2399836 3647612 тип:BB_BR скорость:8759
07.04 02:53:51:536 RLS3_Voronezh_Kazan Цель id:d5ddabb движется в направлении СПРО
07.04 02:54:18:439 RLS3_Voronezh_Kazan В 02:54:18:431 Обнаружена цель id:ec60d4s с координатами 2593701 4352330 тип:SAM скорость:73
07.04 02:55:28:956 RLS3_Voronezh_Kazan В 02:55:28:944 Обнаружена цель id:8d7e6bs с координатами 6735655 1212680 тип:SAM скорость:152
07.04 02:55:57:462 RLS3_Voronezh_Kazan В 02:55:57:458 Обнаружена цель id:0d8f4cs с координатами 5762660 1603174 тип:SAM скорость:204
07.04 02:56:22:727 RLS3_Voronezh_Kazan В 02:56:22:716 Обнаружена цель id:c57d5er с координатами 5209486 1227741 тип:KR скорость:427
07.04 02:57:43:057 RLS3_Voronezh_Kazan В 02:57:43:047 Обнаружена цель id:7f10abb с координатами 1436368 1607056 тип:BB_BR скорость:8600
07.04 02:57:43:231 RLS3_Voronezh_Kazan Цель id:7f10abb движется в направлении СПРО
07.04 02:58:15:892 RLS3_Voronezh_Kazan В 02:58:15:881 Обнаружена цель id:cb02fcs с координатами 6309000 1760737 тип:SAM скорость:129
07.04 02:58:37:268 RLS3_Voronezh_Kazan В 02:58:37:245 Обнаружена цель id:8bdd9cb с координатами 1667260 4854600 тип:BB_BR скорость:9580
07.04 02:58:37:408 RLS3_Voronezh_Kazan Цель id:8bdd9cb движется в направлении СПРО
07.04 02:59:07:381 RLS3_Voronezh_Kazan В 02:59:07:341 Обнаружена цель id:ad8f26b с координатами 3469965 2220687 тип:BB_BR скорость:9390
07.04 02:59:07:522 RLS3_Voronezh_Kazan Цель id:ad8f26b движется в направлении СПРО
07.04 03:00:18:405 RLS3_Voronezh_Kazan В 03:00:18:386 Обнаружена цель id:99e20db с координатами 5902485 1590310 тип:BB_BR скорость:8375
07.04 03:00:18:530 RLS3_Voronezh_Kazan Цель id:99e20db движется в направлении СПРО
07.04 03:00:42:786 RLS3_Voronezh_Kazan В 03:00:42:777 Обнаружена цель id:c57d5er с координатами 5197138 1240803 тип:KR скорость:427
07.04 03:01:56:173 RLS3_Voronezh_Kazan В 03:01:56:147 Обнаружена цель id:0d8f4cs с координатами 5751860 1609054 тип:SAM скорость:204
07.04 03:03:13:808 RLS3_Voronezh_Kazan В 03:03:13:779 Обнаружена цель id:1421ffr с координатами 2142432 1799312 тип:KR скорость:534
07.04 03:03:36:530 RLS3_Voronezh_Kazan В 03:03:36:515 Обнаружена цель id:d5ddabb с координатами 2796834 4408778 тип:BB_BR скорость:8759
07.04 03:03:36:716 RLS3_Voronezh_Kazan Цель id:d5ddabb движется в направлении СПРО
07.04 03:04:07:554 RLS3_Voronezh_Kazan В 03:04:07:532 Обнаружена цель id:791550s с координатами 1921000 6366012 тип:SAM скорость:111
07.04 03:05:17:873 RLS3_Voronezh_Kazan В 03:05:17:860 Обнаружена цель id:7f10abb с координатами 1782700 2161400 тип:BB_BR скорость:8600
07.04 03:05:18:103 RLS3_Voronezh_Kazan Цель id:7f10abb движется в направлении СПРО
07.04 03:05:44:175 RLS3_Voronezh_Kazan В 03:05:44:168 Обнаружена цель id:ec91f3b с координатами 4725248 1331056 тип:BB_BR скорость:9803
07.04 03:05:44:296 RLS3_Voronezh_Kazan Цель id:ec91f3b движется в направлении СПРО
07.04 03:06:12:735 RLS3_Voronezh_Kazan В 03:06:12:726 Обнаружена цель id:1b7e42s с координатами 2031150 2501190 тип:SAM скорость:173
07.04 03:06:36:571 RLS3_Voronezh_Kazan В 03:06:36:557 Обнаружена цель id:97b7b5r с координатами 1909424 1860411 тип:KR скорость:424
07.04 03:07:07:795 RLS3_Voronezh_Kazan В 03:07:07:740 Обнаружена цель id:5006e2b с координатами 5281930 1651360 тип:BB_BR скорость:9649
07.04 03:07:07:903 RLS3_Voronezh_Kazan Цель id:5006e2b движется в направлении СПРО
07.04 03:08:41:190 RLS3_Voronezh_Kazan В 03:08:41:178 Обнаружена цель id:5872a2r с координатами 2513620 4231400 тип:KR скорость:472
07.04 03:09:55:431 RLS3_Voronezh_Kazan В 03:09:55:403 Обнаружена цель id:f3ef10s с координатами 1532108 908212 тип:SAM скорость:101
07.04 03:10:21:205 RLS3_Voronezh_Kazan В 03:10:21:189 Обнаружена цель id:7f10abb с координатами 2019664 2540688 тип:BB_BR скорость:8600
07.04 03:10:21:421 RLS3_Voronezh_Kazan Цель id:7f10abb движется в направлении СПРО
07.04 03:10:51:046 RLS3_Voronezh_Kazan В 03:10:51:003 Обнаружена цель id:97b7b5r с координатами 1918832 1875573 тип:KR скорость:424
07.04 03:11:16:376 RLS3_Voronezh_Kazan В 03:11:16:336 Обнаружена цель id:e47f38s с координатами 1524192 4632114 тип:SAM скорость:187
07.04 03:12:32:221 RLS3_Voronezh_Kazan В 03:12:32:212 Обнаружена цель id:c2e5der с координатами 3964052 1669276 тип:KR скорость:575
07.04 03:13:01:505 RLS3_Voronezh_Kazan В 03:13:01:495 Обнаружена цель id:f908b7b с координатами 3126222 1629353 тип:BB_BR скорость:9313
07.04 03:13:01:641 RLS3_Voronezh_Kazan Цель id:f908b7b движется в направлении СПРО
07.04 03:13:24:941 RLS3_Voronezh_Kazan В 03:13:24:925 Обнаружена цель id:cb56adb с координатами 5376584 1978744 тип:BB_BR скорость:9299
07.04 03:13:25:058 RLS3_Voronezh_Kazan Цель id:cb56adb движется в направлении СПРО
07.04 03:14:35:179 RLS3_Voronezh_Kazan В 03:14:35:168 Обнаружена цель id:bdcb7fr с координатами 3281802 1805146 тип:KR скорость:770
07.04 03:15:06:340 RLS3_Voronezh_Kazan В 03:15:06:331 Обнаружена цель id:ad3f59b с координатами 2876150 3516650 тип:BB_BR скорость:9401
07.04 03:15:06:481 RLS3_Voronezh_Kazan Цель id:ad3f59b движется в направлении СПРО
07.04 03:15:28:350 RLS3_Voronezh_Kazan В 03:15:28:329 Обнаружена цель id:ec91f3b с координатами 4767521 2300662 тип:BB_BR скорость:9803
07.04 03:15:28:573 RLS3_Voronezh_Kazan Цель id:ec91f3b движется в направлении СПРО
07.04 03:15:59:744 RLS3_Voronezh_Kazan В 03:15:59:719 Обнаружена цель id:1b7e42s с координатами 2031640 2518144 тип:SAM скорость:173
07.04 03:16:21:115 RLS3_Voronezh_Kazan В 03:16:21:106 Обнаружена цель id:5872a2r с координатами 2543338 4209560 тип:KR скорость:472
07.04 03:16:49:268 RLS3_Voronezh_Kazan В 03:16:49:253 Обнаружена цель id:d7395bs с координатами 1762577 2873973 тип:SAM скорость:247
07.04 03:17:40:481 RLS3_Voronezh_Kazan В 03:17:40:463 Обнаружена цель id:9e2159b с координатами 1690092 4673440 тип:BB_BR скорость:9174
07.04 03:17:40:646 RLS3_Voronezh_Kazan Цель id:9e2159b движется в направлении СПРО
07.04 03:18:53:345 RLS3_Voronezh_Kazan В 03:18:53:322 Обнаружена цель id:29f3d3r с координатами 1805577 3622555 тип:KR скорость:380
07.04 03:20:08:529 RLS3_Voronezh_Kazan В 03:20:08:506 Обнаружена цель id:3badceb с координатами 3916576 3114730 тип:BB_BR скорость:8910
07.04 03:20:32:524 RLS3_Voronezh_Kazan В 03:20:32:509 Обнаружена цель id:0aaf12b с координатами 2387000 4624750 тип:BB_BR скорость:8717
07.04 03:20:32:651 RLS3_Voronezh_Kazan Цель id:0aaf12b движется в направлении СПРО
07.04 03:21:01:222 RLS3_Voronezh_Kazan В 03:21:01:213 Обнаружена цель id:7f10abb с координатами 2507263 3321146 тип:BB_BR скорость:8600
07.04 03:21:01:370 RLS3_Voronezh_Kazan Цель id:7f10abb движется в направлении СПРО
07.04 03:21:25:115 RLS3_Voronezh_Kazan В 03:21:25:110 Обнаружена цель id:251ec7b с координатами 3334474 3094010 тип:BB_BR скорость:9468
07.04 03:21:25:225 RLS3_Voronezh_Kazan Цель id:251ec7b движется в направлении СПРО
07.04 03:21:57:168 RLS3_Voronezh_Kazan В 03:21:57:132 Обнаружена цель id:e47f38s с координатами 1536720 4647990 тип:SAM скорость:187
07.04 03:23:09:850 RLS3_Voronezh_Kazan В 03:23:09:845 Обнаружена цель id:bdcb7fr с координатами 3286466 1872818 тип:KR скорость:770
07.04 03:23:38:915 RLS3_Voronezh_Kazan В 03:23:38:897 Обнаружена цель id:258da0r с координатами 2517378 4935102 тип:KR скорость:569
07.04 03:24:34:289 RLS3_Voronezh_Kazan В 03:24:34:276 Обнаружена цель id:be0be5s с координатами 2139308 4324018 тип:SAM скорость:241
07.04 03:25:00:891 RLS3_Voronezh_Kazan В 03:25:00:868 Обнаружена цель id:593c87b с координатами 1559412 5808468 тип:BB_BR скорость:8748
07.04 03:25:23:794 RLS3_Voronezh_Kazan В 03:25:23:779 Обнаружена цель id:0f68b1s с координатами 3061260 4231276 тип:SAM скорость:218
07.04 03:25:55:033 RLS3_Voronezh_Kazan В 03:25:55:011 Обнаружена цель id:b61e57s с координатами 1954468 1589136 тип:SAM скорость:174
07.04 03:27:09:133 RLS3_Voronezh_Kazan В 03:27:09:119 Обнаружена цель id:0aaf12b с координатами 2537080 4060275 тип:BB_BR скорость:8717
07.04 03:27:09:262 RLS3_Voronezh_Kazan Цель id:0aaf12b движется в направлении СПРО
07.04 03:27:37:092 RLS3_Voronezh_Kazan В 03:27:37:067 Обнаружена цель id:13cf2er с координатами 6922890 1379019 тип:KR скорость:305
07.04 03:28:03:599 RLS3_Voronezh_Kazan В 03:28:03:571 Обнаружена цель id:2fc3ffb с координатами 2368088 3575112 тип:BB_BR скорость:9566
07.04 03:28:03:711 RLS3_Voronezh_Kazan Цель id:2fc3ffb движется в направлении СПРО
07.04 03:28:31:267 RLS3_Voronezh_Kazan В 03:28:31:244 Обнаружена цель id:251ec7b с координатами 3916306 2738690 тип:BB_BR скорость:9468
07.04 03:28:31:456 RLS3_Voronezh_Kazan Цель id:251ec7b движется в направлении СПРО
07.04 03:29:46:709 RLS3_Voronezh_Kazan В 03:29:46:703 Обнаружена цель id:43512es с координатами 1343586 2929230 тип:SAM скорость:50
07.04 03:30:09:558 RLS3_Voronezh_Kazan В 03:30:09:549 Обнаружена цель id:29f3d3r с координатами 1831455 3657325 тип:KR скорость:380
07.04 03:30:37:609 RLS3_Voronezh_Kazan В 03:30:37:586 Обнаружена цель id:0eeb51b с координатами 3289424 4347588 тип:BB_BR скорость:9862
07.04 03:30:37:788 RLS3_Voronezh_Kazan Цель id:0eeb51b движется в направлении СПРО
07.04 03:31:02:748 RLS3_Voronezh_Kazan В 03:31:02:731 Обнаружена цель id:bef516r с координатами 5345120 1034072 тип:KR скорость:286
07.04 03:32:18:895 RLS3_Voronezh_Kazan В 03:32:18:877 Обнаружена цель id:97932eb с координатами 1673816 2193760 тип:BB_BR скорость:9396
07.04 03:32:19:059 RLS3_Voronezh_Kazan Цель id:97932eb движется в направлении СПРО
07.04 03:33:29:883 RLS3_Voronezh_Kazan В 03:33:29:868 Обнаружена цель id:0aaf12b с координатами 2673720 3546350 тип:BB_BR скорость:8717
07.04 03:33:30:010 RLS3_Voronezh_Kazan Цель id:0aaf12b движется в направлении СПРО
07.04 03:33:59:696 RLS3_Voronezh_Kazan В 03:33:59:688 Обнаружена цель id:e3ff1es с координатами 4591455 1840001 тип:SAM скорость:84
07.04 03:35:00:897 RLS3_Voronezh_Kazan В 03:35:00:891 Обнаружена цель id:be0be5s с координатами 2157642 4340807 тип:SAM скорость:241
07.04 03:35:50:595 RLS3_Voronezh_Kazan В 03:35:50:574 Обнаружена цель id:2fc3ffb с координатами 2800538 4147662 тип:BB_BR скорость:9566
07.04 03:35:50:799 RLS3_Voronezh_Kazan Цель id:2fc3ffb движется в направлении СПРО
07.04 03:37:02:031 RLS3_Voronezh_Kazan В 03:37:02:020 Обнаружена цель id:450ddar с координатами 2354538 4433840 тип:KR скорость:401
07.04 03:38:17:488 RLS3_Voronezh_Kazan В 03:38:17:483 Обнаружена цель id:9c2b5dr с координатами 4738880 1400710 тип:KR скорость:805
07.04 03:38:45:688 RLS3_Voronezh_Kazan В 03:38:45:663 Обнаружена цель id:d91f32b с координатами 5500024 2262564 тип:BB_BR скорость:9381
07.04 03:38:45:822 RLS3_Voronezh_Kazan Цель id:d91f32b движется в направлении СПРО
07.04 03:39:11:050 RLS3_Voronezh_Kazan В 03:39:11:044 Обнаружена цель id:a550a0r с координатами 1528602 4823784 тип:KR скорость:532
07.04 03:39:40:338 RLS3_Voronezh_Kazan В 03:39:40:330 Обнаружена цель id:3dc997s с координатами 3413188 4207852 тип:SAM скорость:109
07.04 03:40:05:465 RLS3_Voronezh_Kazan В 03:40:05:446 Обнаружена цель id:0eeb51b с координатами 3737936 3513732 тип:BB_BR скорость:9862
07.04 03:40:05:610 RLS3_Voronezh_Kazan Цель id:0eeb51b движется в направлении СПРО
07.04 03:40:33:442 RLS3_Voronezh_Kazan В 03:40:33:417 Обнаружена цель id:9e2159b с координатами 1873632 2571240 тип:BB_BR скорость:9174
07.04 03:41:48:469 RLS3_Voronezh_Kazan В 03:41:48:439 Обнаружена цель id:a08668b с координатами 5290850 2195650 тип:BB_BR скорость:8565
07.04 03:41:48:623 RLS3_Voronezh_Kazan Цель id:a08668b движется в направлении СПРО
07.04 03:42:59:008 RLS3_Voronezh_Kazan В 03:42:58:977 Обнаружена цель id:2a8a32r с координатами 4127679 2808549 тип:KR скорость:633
07.04 03:44:20:136 RLS3_Voronezh_Kazan В 03:44:20:122 Обнаружена цель id:f82de9b с координатами 1608752 4745541 тип:BB_BR скорость:9254
07.04 03:44:52:430 RLS3_Voronezh_Kazan В 03:44:52:419 Обнаружена цель id:1ebef3s с координатами 1717312 5636192 тип:SAM скорость:120
07.04 03:45:13:810 RLS3_Voronezh_Kazan В 03:45:13:798 Обнаружена цель id:450ddar с координатами 2372430 4462400 тип:KR скорость:401
07.04 03:46:23:787 RLS3_Voronezh_Kazan В 03:46:23:781 Обнаружена цель id:079741s с координатами 2894598 4828287 тип:SAM скорость:109
07.04 03:46:56:482 RLS3_Voronezh_Kazan В 03:46:56:451 Обнаружена цель id:3dc997s с координатами 3419740 4203460 тип:SAM скорость:109
07.04 03:47:53:693 RLS3_Voronezh_Kazan В 03:47:53:669 Обнаружена цель id:97932eb с координатами 2316304 3490440 тип:BB_BR скорость:9396
07.04 03:47:53:819 RLS3_Voronezh_Kazan Цель id:97932eb движется в направлении СПРО
07.04 03:49:03:375 RLS3_Voronezh_Kazan В 03:49:03:346 Обнаружена цель id:b9003ds с координатами 3973592 1048916 тип:SAM скорость:144
07.04 03:50:21:186 RLS3_Voronezh_Kazan В 03:50:21:165 Обнаружена цель id:34aa10r с координатами 2741056 4843498 тип:KR скорость:415
07.04 03:50:54:600 RLS3_Voronezh_Kazan В 03:50:54:592 Обнаружена цель id:f82de9b с координатами 1738280 5313990 тип:BB_BR скорость:9254
07.04 03:51:19:461 RLS3_Voronezh_Kazan В 03:51:19:445 Обнаружена цель id:db3135s с координатами 1383348 2774554 тип:SAM скорость:169
07.04 03:51:49:782 RLS3_Voronezh_Kazan В 03:51:49:766 Обнаружена цель id:1ebef3s с координатами 1722832 5631512 тип:SAM скорость:120
07.04 03:52:12:442 RLS3_Voronezh_Kazan В 03:52:12:436 Обнаружена цель id:97932eb с координатами 2499872 3860920 тип:BB_BR скорость:9396
07.04 03:52:12:616 RLS3_Voronezh_Kazan Цель id:97932eb движется в направлении СПРО
07.04 03:52:38:164 RLS3_Voronezh_Kazan В 03:52:38:142 Обнаружена цель id:450ddar с координатами 2386275 4484500 тип:KR скорость:401
07.04 03:55:48:921 RLS3_Voronezh_Kazan В 03:55:48:899 Обнаружена цель id:6083d9r с координатами 1943836 1470672 тип:KR скорость:317
07.04 03:56:14:463 RLS3_Voronezh_Kazan В 03:56:14:434 Обнаружена цель id:eaf327b с координатами 5929732 1924460 тип:BB_BR скорость:8349
07.04 03:56:14:597 RLS3_Voronezh_Kazan Цель id:eaf327b движется в направлении СПРО
07.04 03:56:41:138 RLS3_Voronezh_Kazan В 03:56:41:122 Обнаружена цель id:286fe5s с координатами 4843920 1761920 тип:SAM скорость:180
07.04 03:57:53:986 RLS3_Voronezh_Kazan В 03:57:53:973 Обнаружена цель id:25652dr с координатами 1771956 4501607 тип:KR скорость:770
07.04 03:59:11:376 RLS3_Voronezh_Kazan В 03:59:11:351 Обнаружена цель id:ac1a9ab с координатами 4676134 2798480 тип:BB_BR скорость:8784
07.04 03:59:37:543 RLS3_Voronezh_Kazan В 03:59:37:526 Обнаружена цель id:061fe7b с координатами 6334308 1623954 тип:BB_BR скорость:9300
07.04 03:59:37:706 RLS3_Voronezh_Kazan Цель id:061fe7b движется в направлении СПРО
07.04 04:00:06:918 RLS3_Voronezh_Kazan В 04:00:06:897 Обнаружена цель id:56a440s с координатами 1589416 3015088 тип:SAM скорость:72
07.04 04:00:29:116 RLS3_Voronezh_Kazan В 04:00:29:077 Обнаружена цель id:db3135s с координатами 1395768 2783464 тип:SAM скорость:169
07.04 04:00:57:929 RLS3_Voronezh_Kazan В 04:00:57:910 Обнаружена цель id:6a7768s с координатами 1374102 2723464 тип:SAM скорость:132
07.04 04:02:30:438 RLS3_Voronezh_Kazan В 04:02:30:422 Обнаружена цель id:2a08b2b с координатами 1791300 4094430 тип:BB_BR скорость:8872
07.04 04:02:30:562 RLS3_Voronezh_Kazan Цель id:2a08b2b движется в направлении СПРО
07.04 04:03:01:373 RLS3_Voronezh_Kazan В 04:03:01:353 Обнаружена цель id:148668b с координатами 1662841 5293484 тип:BB_BR скорость:8503
07.04 04:03:01:516 RLS3_Voronezh_Kazan Цель id:148668b движется в направлении СПРО
07.04 04:04:12:689 RLS3_Voronezh_Kazan В 04:04:12:670 Обнаружена цель id:ac1a9ab с координатами 4288890 3040800 тип:BB_BR скорость:8784
07.04 04:04:40:780 RLS3_Voronezh_Kazan В 04:04:40:763 Обнаружена цель id:90ac31b с координатами 2820640 3604415 тип:BB_BR скорость:9181
07.04 04:04:40:908 RLS3_Voronezh_Kazan Цель id:90ac31b движется в направлении СПРО
07.04 04:05:06:234 RLS3_Voronezh_Kazan В 04:05:06:222 Обнаружена цель id:56a440s с координатами 1590768 3018624 тип:SAM скорость:72
07.04 04:05:32:715 RLS3_Voronezh_Kazan В 04:05:32:691 Обнаружена цель id:db3135s с координатами 1402944 2788612 тип:SAM скорость:169
07.04 04:07:12:209 RLS3_Voronezh_Kazan В 04:07:12:190 Обнаружена цель id:6083d9r с координатами 1978752 1482504 тип:KR скорость:317
07.04 04:07:43:220 RLS3_Voronezh_Kazan В 04:07:43:207 Обнаружена цель id:df3e63s с координатами 1842312 2285656 тип:SAM скорость:102
07.04 04:08:07:492 RLS3_Voronezh_Kazan В 04:08:07:464 Обнаружена цель id:286fe5s с координатами 4864104 1767604 тип:SAM скорость:180
07.04 04:10:59:431 RLS3_Voronezh_Kazan В 04:10:59:387 Обнаружена цель id:90ac31b с координатами 3348328 3841358 тип:BB_BR скорость:9181
07.04 04:10:59:567 RLS3_Voronezh_Kazan Цель id:90ac31b движется в направлении СПРО
07.04 04:12:17:124 RLS3_Voronezh_Kazan В 04:12:17:111 Обнаружена цель id:be78d8b с координатами 1669925 4494375 тип:BB_BR скорость:8307
07.04 04:12:17:337 RLS3_Voronezh_Kazan Цель id:be78d8b движется в направлении СПРО
07.04 04:12:49:752 RLS3_Voronezh_Kazan В 04:12:49:733 Обнаружена цель id:f5de6ab с координатами 2957902 3961500 тип:BB_BR скорость:8809
07.04 04:12:49:915 RLS3_Voronezh_Kazan Цель id:f5de6ab движется в направлении СПРО
07.04 04:13:14:207 RLS3_Voronezh_Kazan В 04:13:14:192 Обнаружена цель id:2a08b2b с координатами 2546720 3519412 тип:BB_BR скорость:8872
07.04 04:13:14:335 RLS3_Voronezh_Kazan Цель id:2a08b2b движется в направлении СПРО
07.04 04:15:20:819 RLS3_Voronezh_Kazan В 04:15:20:784 Обнаружена цель id:90ac31b с координатами 3691744 3995559 тип:BB_BR скорость:9181
07.04 04:15:20:933 RLS3_Voronezh_Kazan Цель id:90ac31b движется в направлении СПРО
07.04 04:15:46:296 RLS3_Voronezh_Kazan В 04:15:46:278 Обнаружена цель id:004d04b с координатами 3048685 4854718 тип:BB_BR скорость:8418
07.04 04:15:46:431 RLS3_Voronezh_Kazan Цель id:004d04b движется в направлении СПРО
07.04 04:16:11:710 RLS3_Voronezh_Kazan В 04:16:11:699 Обнаружена цель id:0d7a61b с координатами 2238377 3112063 тип:BB_BR скорость:8616
07.04 04:16:11:881 RLS3_Voronezh_Kazan Цель id:0d7a61b движется в направлении СПРО
07.04 04:16:38:715 RLS3_Voronezh_Kazan В 04:16:38:706 Обнаружена цель id:7482f4s с координатами 1934056 2974640 тип:SAM скорость:165
07.04 04:17:58:078 RLS3_Voronezh_Kazan В 04:17:58:057 Обнаружена цель id:a921f9b с координатами 2836360 5256200 тип:BB_BR скорость:8835
07.04 04:17:58:217 RLS3_Voronezh_Kazan Цель id:a921f9b движется в направлении СПРО
07.04 04:19:54:884 RLS3_Voronezh_Kazan В 04:19:54:857 Обнаружена цель id:3ff122s с координатами 3290394 4667337 тип:SAM скорость:204
07.04 04:21:06:202 RLS3_Voronezh_Kazan В 04:21:06:175 Обнаружена цель id:a921f9b с координатами 2839987 4982315 тип:BB_BR скорость:8835
07.04 04:21:06:302 RLS3_Voronezh_Kazan Цель id:a921f9b движется в направлении СПРО
07.04 04:21:28:897 RLS3_Voronezh_Kazan В 04:21:28:893 Обнаружена цель id:004d04b с координатами 3052390 4374892 тип:BB_BR скорость:8418
07.04 04:21:29:064 RLS3_Voronezh_Kazan Цель id:004d04b движется в направлении СПРО
07.04 04:23:28:704 RLS3_Voronezh_Kazan В 04:23:28:694 Обнаружена цель id:9a870br с координатами 3822358 2114342 тип:KR скорость:697
07.04 04:24:04:518 RLS3_Voronezh_Kazan В 04:24:04:498 Обнаружена цель id:2a08b2b с координатами 3295080 2949768 тип:BB_BR скорость:8872
07.04 04:24:04:740 RLS3_Voronezh_Kazan Цель id:2a08b2b движется в направлении СПРО
07.04 04:24:27:513 RLS3_Voronezh_Kazan В 04:24:27:482 Обнаружена цель id:a26f94b с координатами 2206600 1248100 тип:BB_BR скорость:8851
07.04 04:24:27:694 RLS3_Voronezh_Kazan Цель id:a26f94b движется в направлении СПРО
07.04 04:25:37:278 RLS3_Voronezh_Kazan В 04:25:37:270 Обнаружена цель id:a921f9b с координатами 2845369 4575905 тип:BB_BR скорость:8835
07.04 04:25:37:374 RLS3_Voronezh_Kazan Цель id:a921f9b движется в направлении СПРО
07.04 04:28:27:818 RLS3_Voronezh_Kazan В 04:28:27:806 Обнаружена цель id:a921f9b с координатами 2848879 4310855 тип:BB_BR скорость:8835
07.04 04:28:27:935 RLS3_Voronezh_Kazan Цель id:a921f9b движется в направлении СПРО
07.04 04:29:00:357 RLS3_Voronezh_Kazan В 04:29:00:344 Обнаружена цель id:4d2a48b с координатами 4137612 2229773 тип:BB_BR скорость:9346
07.04 04:29:00:563 RLS3_Voronezh_Kazan Цель id:4d2a48b движется в направлении СПРО
07.04 04:29:22:921 RLS3_Voronezh_Kazan В 04:29:22:917 Обнаружена цель id:4f2074r с координатами 1477074 5819304 тип:KR скорость:296
07.04 04:31:21:116 RLS3_Voronezh_Kazan В 04:31:21:110 Обнаружена цель id:5d4f30b с координатами 6264140 1727440 тип:BB_BR скорость:9425
07.04 04:31:52:145 RLS3_Voronezh_Kazan В 04:31:52:126 Обнаружена цель id:4d2a48b с координатами 4198048 2493992 тип:BB_BR скорость:9346
07.04 04:31:52:281 RLS3_Voronezh_Kazan Цель id:4d2a48b движется в направлении СПРО
07.04 04:32:15:731 RLS3_Voronezh_Kazan В 04:32:15:705 Обнаружена цель id:4f2074r с координатами 1480614 5811144 тип:KR скорость:296
07.04 04:33:26:841 RLS3_Voronezh_Kazan В 04:33:26:824 Обнаружена цель id:414695b с координатами 5606826 2178374 тип:BB_BR скорость:8088
07.04 04:33:27:012 RLS3_Voronezh_Kazan Цель id:414695b движется в направлении СПРО
07.04 04:34:22:911 RLS3_Voronezh_Kazan В 04:34:22:906 Обнаружена цель id:a26f94b с координатами 3107872 1302262 тип:BB_BR скорость:8851
07.04 04:34:23:037 RLS3_Voronezh_Kazan Цель id:a26f94b движется в направлении СПРО
07.04 04:35:29:999 RLS3_Voronezh_Kazan В 04:35:29:974 Обнаружена цель id:b7ea35b с координатами 5349410 2305575 тип:BB_BR скорость:9045
07.04 04:35:30:204 RLS3_Voronezh_Kazan Цель id:b7ea35b движется в направлении СПРО
07.04 04:36:45:417 RLS3_Voronezh_Kazan В 04:36:45:403 Обнаружена цель id:4d2a48b с координатами 4302248 2949542 тип:BB_BR скорость:9346
07.04 04:36:45:530 RLS3_Voronezh_Kazan Цель id:4d2a48b движется в направлении СПРО
07.04 04:37:09:377 RLS3_Voronezh_Kazan В 04:37:09:348 Обнаружена цель id:4f2074r с координатами 1486396 5797816 тип:KR скорость:296
07.04 04:38:20:082 RLS3_Voronezh_Kazan В 04:38:20:069 Обнаружена цель id:9eba76b с координатами 3697404 1994904 тип:BB_BR скорость:8402
07.04 04:38:20:239 RLS3_Voronezh_Kazan Цель id:9eba76b движется в направлении СПРО
07.04 04:40:19:257 RLS3_Voronezh_Kazan В 04:40:19:205 Обнаружена цель id:4f2074r с координатами 1489346 5791016 тип:KR скорость:296
07.04 04:42:14:194 RLS3_Voronezh_Kazan В 04:42:14:163 Обнаружена цель id:9eba76b с координатами 3963164 2200664 тип:BB_BR скорость:8402
07.04 04:42:14:396 RLS3_Voronezh_Kazan Цель id:9eba76b движется в направлении СПРО
07.04 04:43:23:753 RLS3_Voronezh_Kazan В 04:43:23:743 Обнаружена цель id:46f538b с координатами 1871105 3207455 тип:BB_BR скорость:8433
07.04 04:43:23:876 RLS3_Voronezh_Kazan Цель id:46f538b движется в направлении СПРО
07.04 04:43:52:731 RLS3_Voronezh_Kazan В 04:43:52:718 Обнаружена цель id:cc8083s с координатами 6074304 1003136 тип:SAM скорость:130
07.04 04:44:16:381 RLS3_Voronezh_Kazan В 04:44:16:362 Обнаружена цель id:c4c017b с координатами 1876725 5040150 тип:BB_BR скорость:8099
07.04 04:44:16:491 RLS3_Voronezh_Kazan Цель id:c4c017b движется в направлении СПРО
07.04 04:46:02:722 RLS3_Voronezh_Kazan В 04:46:02:717 Обнаружена цель id:2efce4r с координатами 4594037 1273398 тип:KR скорость:426
07.04 04:46:28:150 RLS3_Voronezh_Kazan В 04:46:28:134 Обнаружена цель id:f073d6s с координатами 2374846 4853126 тип:SAM скорость:241
07.04 04:48:22:692 RLS3_Voronezh_Kazan В 04:48:22:683 Обнаружена цель id:9eba76b с координатами 4375092 2519592 тип:BB_BR скорость:8402
07.04 04:48:22:837 RLS3_Voronezh_Kazan Цель id:9eba76b движется в направлении СПРО
07.04 04:48:50:402 RLS3_Voronezh_Kazan В 04:48:50:390 Обнаружена цель id:89bdccs с координатами 4856950 2398775 тип:SAM скорость:219
07.04 04:50:06:899 RLS3_Voronezh_Kazan В 04:50:06:886 Обнаружена цель id:46f538b с координатами 2307189 2835019 тип:BB_BR скорость:8433
07.04 04:50:07:047 RLS3_Voronezh_Kazan Цель id:46f538b движется в направлении СПРО
07.04 04:50:34:091 RLS3_Voronezh_Kazan В 04:50:34:077 Обнаружена цель id:24cbf1r с координатами 1324624 4460544 тип:KR скорость:982
07.04 04:50:59:277 RLS3_Voronezh_Kazan В 04:50:59:255 Обнаружена цель id:59169es с координатами 1755946 3129596 тип:SAM скорость:125
07.04 04:52:15:274 RLS3_Voronezh_Kazan В 04:52:15:252 Обнаружена цель id:8451cab с координатами 3229836 2022024 тип:BB_BR скорость:8362
07.04 04:52:15:398 RLS3_Voronezh_Kazan Цель id:8451cab движется в направлении СПРО
07.04 04:52:46:379 RLS3_Voronezh_Kazan В 04:52:46:369 Обнаружена цель id:75355ar с координатами 2034805 2467514 тип:KR скорость:917
07.04 04:53:09:135 RLS3_Voronezh_Kazan В 04:53:09:129 Обнаружена цель id:bab869b с координатами 1617118 5867315 тип:BB_BR скорость:8105
07.04 04:53:09:343 RLS3_Voronezh_Kazan Цель id:bab869b движется в направлении СПРО
07.04 04:54:22:432 RLS3_Voronezh_Kazan В 04:54:22:414 Обнаружена цель id:9eba76b с координатами 4767088 2823088 тип:BB_BR скорость:8402
07.04 04:54:22:570 RLS3_Voronezh_Kazan Цель id:9eba76b движется в направлении СПРО
07.04 04:54:54:901 RLS3_Voronezh_Kazan В 04:54:54:893 Обнаружена цель id:89bdccs с координатами 4867924 2405678 тип:SAM скорость:219
07.04 04:55:18:119 RLS3_Voronezh_Kazan В 04:55:18:098 Обнаружена цель id:aaa170b с координатами 5819568 1797573 тип:BB_BR скорость:9318
07.04 04:55:18:371 RLS3_Voronezh_Kazan Цель id:aaa170b движется в направлении СПРО
07.04 04:55:48:452 RLS3_Voronezh_Kazan В 04:55:48:427 Обнаружена цель id:24cbf1r с координатами 1338037 4412247 тип:KR скорость:982
07.04 04:56:10:850 RLS3_Voronezh_Kazan В 04:56:10:831 Обнаружена цель id:5e6752r с координатами 2925200 3480575 тип:KR скорость:606
07.04 04:57:22:998 RLS3_Voronezh_Kazan В 04:57:22:983 Обнаружена цель id:8451cab с координатами 3651810 2084040 тип:BB_BR скорость:8362
07.04 04:57:23:125 RLS3_Voronezh_Kazan Цель id:8451cab движется в направлении СПРО
07.04 04:57:51:563 RLS3_Voronezh_Kazan В 04:57:51:552 Обнаружена цель id:75355ar с координатами 2050870 2511476 тип:KR скорость:917
07.04 04:58:15:953 RLS3_Voronezh_Kazan В 04:58:15:935 Обнаружена цель id:de4c64s с координатами 2332276 1768930 тип:SAM скорость:87
07.04 04:58:47:377 RLS3_Voronezh_Kazan В 04:58:47:344 Обнаружена цель id:bab869b с координатами 1720408 5433640 тип:BB_BR скорость:8105
07.04 04:58:47:516 RLS3_Voronezh_Kazan Цель id:bab869b движется в направлении СПРО
07.04 05:00:01:612 RLS3_Voronezh_Kazan В 05:00:01:583 Обнаружена цель id:5e6752r с координатами 2930000 3504375 тип:KR скорость:606
07.04 05:00:35:092 RLS3_Voronezh_Kazan В 05:00:35:080 Обнаружена цель id:411866b с координатами 2704840 4609144 тип:BB_BR скорость:8899
07.04 05:00:35:293 RLS3_Voronezh_Kazan Цель id:411866b движется в направлении СПРО
07.04 05:01:46:083 RLS3_Voronezh_Kazan В 05:01:46:068 Обнаружена цель id:75355ar с координатами 2063155 2545094 тип:KR скорость:917
07.04 05:02:09:012 RLS3_Voronezh_Kazan В 05:02:08:999 Обнаружена цель id:e0268cb с координатами 4398800 3094400 тип:BB_BR скорость:8901
07.04 05:02:09:123 RLS3_Voronezh_Kazan Цель id:e0268cb движется в направлении СПРО
07.04 05:02:41:312 RLS3_Voronezh_Kazan В 05:02:41:292 Обнаружена цель id:39f1das с координатами 3431638 4055408 тип:SAM скорость:76
07.04 05:03:55:144 RLS3_Voronezh_Kazan В 05:03:55:124 Обнаружена цель id:50d348r с координатами 1308569 3203027 тип:KR скорость:495
07.04 05:05:09:705 RLS3_Voronezh_Kazan В 05:05:09:692 Обнаружена цель id:d0ec31b с координатами 6337100 1744085 тип:BB_BR скорость:8571
07.04 05:05:09:874 RLS3_Voronezh_Kazan Цель id:d0ec31b движется в направлении СПРО
                                                                                                                                                                                                                                                                                              