30.04 09:39:20:055 SPRO_Novosibirsk Запуск СПРО. Координаты: X=6100000 Y=3300000, Радиус: 800000
30.04 09:44:58:300 SPRO_Novosibirsk Обнаружена цель id:315934b координаты 5852721 3700065 тип:BB_BR скорость:9719
30.04 09:44:58:350 SPRO_Novosibirsk Стрельба по цели id:315934b тип:BB_BR пуск №1. Осталось противоракет: 9
30.04 09:45:01:400 SPRO_Novosibirsk Цель id:315934b УНИЧТОЖЕНА после пуска №1
30.04 09:45:21:634 SPRO_Novosibirsk Обнаружена цель id:0d8f16b координаты 5932201 3151308 тип:BB_BR скорость:16872
30.04 09:45:21:683 SPRO_Novosibirsk Стрельба по цели id:0d8f16b тип:BB_BR пуск №1. Осталось противоракет: 8
30.04 09:45:24:536 SPRO_Novosibirsk Цель id:0d8f16b УНИЧТОЖЕНА после пуска №1
30.04 09:46:44:074 SPRO_Novosibirsk Обнаружена цель id:b900c5b координаты 6330792 2988252 тип:BB_BR скорость:16303
30.04 09:46:44:147 SPRO_Novosibirsk Стрельба по цели id:b900c5b тип:BB_BR пуск №1. Осталось противоракет: 7
30.04 09:46:47:997 SPRO_Novosibirsk Цель id:b900c5b УНИЧТОЖЕНА после пуска №1
30.04 09:46:59:384 SPRO_Novosibirsk Обнаружена цель id:37cdbdb координаты 5597940 3837006 тип:BB_BR скорость:8474
30.04 09:46:59:442 SPRO_Novosibirsk Стрельба по цели id:37cdbdb тип:BB_BR пуск №1. Осталось противоракет: 6
30.04 09:47:02:252 SPRO_Novosibirsk Цель id:37cdbdb УНИЧТОЖЕНА после пуска №1
30.04 09:47:08:637 SPRO_Novosibirsk Обнаружена цель id:a2a61cb координаты 5661730 2639440 тип:BB_BR скорость:9124
30.04 09:47:08:723 SPRO_Novosibirsk Стрельба по цели id:a2a61cb тип:BB_BR пуск №1. Осталось противоракет: 5
30.04 09:47:11:788 SPRO_Novosibirsk Цель id:a2a61cb УНИЧТОЖЕНА после пуска №1
30.04 09:53:13:455 SPRO_Novosibirsk Обнаружена цель id:dff7beb координаты 5581222 2708260 тип:BB_BR скорость:8689
30.04 09:53:13:502 SPRO_Novosibirsk Стрельба по цели id:dff7beb тип:BB_BR пуск №1. Осталось противоракет: 4
30.04 09:53:16:570 SPRO_Novosibirsk Цель id:dff7beb УНИЧТОЖЕНА после пуска №1
30.04 09:55:20:707 SPRO_Novosibirsk Обнаружена цель id:6a2bdcb координаты 5724942 3230532 тип:BB_BR скорость:9630
30.04 09:55:20:762 SPRO_Novosibirsk Стрельба по цели id:6a2bdcb тип:BB_BR пуск №1. Осталось противоракет: 3
30.04 09:55:24:030 SPRO_Novosibirsk ПРОМАХ по цели id:6a2bdcb после пуска №1
30.04 09:55:24:582 SPRO_Novosibirsk Стрельба по цели id:6a2bdcb тип:BB_BR пуск №2. Осталось противоракет: 2
30.04 09:55:28:302 SPRO_Novosibirsk Цель id:6a2bdcb УНИЧТОЖЕНА после пуска №2
30.04 09:58:02:880 SPRO_Novosibirsk Обнаружена цель id:63fe72b координаты 5615313 3892227 тип:BB_BR скорость:8901
30.04 09:58:02:956 SPRO_Novosibirsk Стрельба по цели id:63fe72b тип:BB_BR пуск №1. Осталось противоракет: 1
30.04 09:58:07:048 SPRO_Novosibirsk ПРОМАХ по цели id:63fe72b после пуска №1
30.04 09:58:08:513 SPRO_Novosibirsk Стрельба по цели id:63fe72b тип:BB_BR пуск №2. Осталось противоракет: 0
30.04 09:58:08:549 SPRO_Novosibirsk Боекомплект исчерпан! Переход в режим обнаружения
30.04 09:58:09:127 SPRO_Novosibirsk Боекомплект автоматически пополнен: 10 противоракет
30.04 09:58:12:299 SPRO_Novosibirsk Цель id:63fe72b УНИЧТОЖЕНА после пуска №2
30.04 10:02:10:061 SPRO_Novosibirsk Обнаружена цель id:967bdab координаты 6835820 3503824 тип:BB_BR скорость:27559
30.04 10:02:10:160 SPRO_Novosibirsk Стрельба по цели id:967bdab тип:BB_BR пуск №1. Осталось противоракет: 9
30.04 10:02:14:277 SPRO_Novosibirsk Цель id:967bdab УНИЧТОЖЕНА после пуска №1
30.04 10:03:32:162 SPRO_Novosibirsk Обнаружена цель id:7308f7b координаты 6353808 4044744 тип:BB_BR скорость:8168
30.04 10:03:32:219 SPRO_Novosibirsk Стрельба по цели id:7308f7b тип:BB_BR пуск №1. Осталось противоракет: 8
30.04 10:03:35:127 SPRO_Novosibirsk Цель id:7308f7b УНИЧТОЖЕНА после пуска №1
30.04 10:08:05:036 SPRO_Novosibirsk Обнаружена цель id:249ad4b координаты 6170008 3090538 тип:BB_BR скорость:8016
30.04 10:08:05:093 SPRO_Novosibirsk Стрельба по цели id:249ad4b тип:BB_BR пуск №1. Осталось противоракет: 7
30.04 10:08:08:162 SPRO_Novosibirsk ПРОМАХ по цели id:249ad4b после пуска №1
30.04 10:08:08:444 SPRO_Novosibirsk Стрельба по цели id:249ad4b тип:BB_BR пуск №2. Осталось противоракет: 6
30.04 10:08:11:259 SPRO_Novosibirsk Цель id:249ad4b УНИЧТОЖЕНА после пуска №2
30.04 10:10:29:958 SPRO_Novosibirsk Обнаружена цель id:e7b026b координаты 6789856 3685360 тип:BB_BR скорость:9641
30.04 10:10:30:034 SPRO_Novosibirsk Стрельба по цели id:e7b026b тип:BB_BR пуск №1. Осталось противоракет: 5
30.04 10:10:33:632 SPRO_Novosibirsk Цель id:e7b026b УНИЧТОЖЕНА после пуска №1
30.04 10:10:43:278 SPRO_Novosibirsk Обнаружена цель id:5efeabb координаты 5727352 3990766 тип:BB_BR скорость:9190
30.04 10:10:43:337 SPRO_Novosibirsk Стрельба по цели id:5efeabb тип:BB_BR пуск №1. Осталось противоракет: 4
30.04 10:10:46:435 SPRO_Novosibirsk Цель id:5efeabb УНИЧТОЖЕНА после пуска №1
30.04 10:11:54:935 SPRO_Novosibirsk Обнаружена цель id:45d16ab координаты 6349072 4055888 тип:BB_BR скорость:9740
30.04 10:11:54:990 SPRO_Novosibirsk Стрельба по цели id:45d16ab тип:BB_BR пуск №1. Осталось противоракет: 3
30.04 10:11:58:088 SPRO_Novosibirsk Цель id:45d16ab УНИЧТОЖЕНА после пуска №1
30.04 10:14:02:449 SPRO_Novosibirsk Обнаружена цель id:2db707b координаты 6578464 2675804 тип:BB_BR скорость:9856
30.04 10:14:02:502 SPRO_Novosibirsk Стрельба по цели id:2db707b тип:BB_BR пуск №1. Осталось противоракет: 2
30.04 10:14:05:955 SPRO_Novosibirsk Цель id:2db707b УНИЧТОЖЕНА после пуска №1
30.04 10:15:22:249 SPRO_Novosibirsk Обнаружена цель id:fcc189b координаты 5320544 3140792 тип:BB_BR скорость:9874
30.04 10:15:22:295 SPRO_Novosibirsk Стрельба по цели id:fcc189b тип:BB_BR пуск №1. Осталось противоракет: 1
30.04 10:15:26:545 SPRO_Novosibirsk Цель id:fcc189b УНИЧТОЖЕНА после пуска №1
30.04 10:16:51:446 SPRO_Novosibirsk Обнаружена цель id:ca5f34b координаты 6071592 4086356 тип:BB_BR скорость:8855
30.04 10:16:51:516 SPRO_Novosibirsk Стрельба по цели id:ca5f34b тип:BB_BR пуск №1. Осталось противоракет: 0
30.04 10:16:51:566 SPRO_Novosibirsk Боекомплект исчерпан! Переход в режим обнаружения
30.04 10:16:52:898 SPRO_Novosibirsk Боекомплект автоматически пополнен: 10 противоракет
30.04 10:16:55:437 SPRO_Novosibirsk Цель id:ca5f34b УНИЧТОЖЕНА после пуска №1
30.04 10:17:30:887 SPRO_Novosibirsk Обнаружена цель id:e4824eb координаты 5623654 3827492 тип:BB_BR скорость:8529
30.04 10:17:30:996 SPRO_Novosibirsk Стрельба по цели id:e4824eb тип:BB_BR пуск №1. Осталось противоракет: 9
30.04 10:17:35:230 SPRO_Novosibirsk Цель id:e4824eb УНИЧТОЖЕНА после пуска №1
30.04 10:17:37:971 SPRO_Novosibirsk Обнаружена цель id:59e182b координаты 6201871 2524890 тип:BB_BR скорость:9277
30.04 10:17:38:043 SPRO_Novosibirsk Стрельба по цели id:59e182b тип:BB_BR пуск №1. Осталось противоракет: 8
30.04 10:17:41:537 SPRO_Novosibirsk Цель id:59e182b УНИЧТОЖЕНА после пуска №1
30.04 10:18:32:417 SPRO_Novosibirsk Обнаружена цель id:75b12bb координаты 6559260 3925340 тип:BB_BR скорость:9880
30.04 10:18:32:483 SPRO_Novosibirsk Стрельба по цели id:75b12bb тип:BB_BR пуск №1. Осталось противоракет: 7
30.04 10:18:36:253 SPRO_Novosibirsk Цель id:75b12bb УНИЧТОЖЕНА после пуска №1
30.04 10:25:35:151 SPRO_Novosibirsk Обнаружена цель id:3e0ebab координаты 6238504 2537432 тип:BB_BR скорость:9004
30.04 10:25:35:181 SPRO_Novosibirsk Стрельба по цели id:3e0ebab тип:BB_BR пуск №1. Осталось противоракет: 6
30.04 10:25:38:856 SPRO_Novosibirsk Цель id:3e0ebab УНИЧТОЖЕНА после пуска №1
30.04 10:26:18:584 SPRO_Novosibirsk Обнаружена цель id:ef1577b координаты 5963116 3586575 тип:BB_BR скорость:8843
30.04 10:26:18:651 SPRO_Novosibirsk Стрельба по цели id:ef1577b тип:BB_BR пуск №1. Осталось противоракет: 5
30.04 10:26:22:108 SPRO_Novosibirsk ПРОМАХ по цели id:ef1577b после пуска №1
30.04 10:26:22:334 SPRO_Novosibirsk Стрельба по цели id:ef1577b тип:BB_BR пуск №2. Осталось противоракет: 4
30.04 10:26:25:359 SPRO_Novosibirsk Цель id:ef1577b УНИЧТОЖЕНА после пуска №2
30.04 10:27:36:503 SPRO_Novosibirsk Обнаружена цель id:2116fab координаты 6257100 2534135 тип:BB_BR скорость:9560
30.04 10:27:36:555 SPRO_Novosibirsk Стрельба по цели id:2116fab тип:BB_BR пуск №1. Осталось противоракет: 3
30.04 10:27:39:627 SPRO_Novosibirsk ПРОМАХ по цели id:2116fab после пуска №1
30.04 10:27:40:806 SPRO_Novosibirsk Стрельба по цели id:2116fab тип:BB_BR пуск №2. Осталось противоракет: 2
30.04 10:27:44:462 SPRO_Novosibirsk Цель id:2116fab УНИЧТОЖЕНА после пуска №2
30.04 10:29:12:445 SPRO_Novosibirsk Обнаружена цель id:1e04d7b координаты 6247498 3619800 тип:BB_BR скорость:8068
30.04 10:29:12:493 SPRO_Novosibirsk Стрельба по цели id:1e04d7b тип:BB_BR пуск №1. Осталось противоракет: 1
30.04 10:29:15:417 SPRO_Novosibirsk Цель id:1e04d7b УНИЧТОЖЕНА после пуска №1
30.04 10:34:04:876 SPRO_Novosibirsk Обнаружена цель id:aa2b2eb координаты 6894106 3370934 тип:BB_BR скорость:8485
30.04 10:34:04:950 SPRO_Novosibirsk Стрельба по цели id:aa2b2eb тип:BB_BR пуск №1. Осталось противоракет: 0
30.04 10:34:05:030 SPRO_Novosibirsk Боекомплект исчерпан! Переход в режим обнаружения
30.04 10:34:05:923 SPRO_Novosibirsk Боекомплект автоматически пополнен: 10 противоракет
30.04 10:34:08:779 SPRO_Novosibirsk ПРОМАХ по цели id:aa2b2eb после пуска №1
30.04 10:34:09:017 SPRO_Novosibirsk Стрельба по цели id:aa2b2eb тип:BB_BR пуск №2. Осталось противоракет: 9
30.04 10:34:11:809 SPRO_Novosibirsk Цель id:aa2b2eb УНИЧТОЖЕНА после пуска №2
30.04 10:37:31:381 SPRO_Novosibirsk Обнаружена цель id:161176b координаты 5511656 2778900 тип:BB_BR скорость:8359
30.04 10:37:31:454 SPRO_Novosibirsk Стрельба по цели id:161176b тип:BB_BR пуск №1. Осталось противоракет: 8
30.04 10:37:34:689 SPRO_Novosibirsk Цель id:161176b УНИЧТОЖЕНА после пуска №1
30.04 10:39:10:595 SPRO_Novosibirsk Обнаружена цель id:a33198b координаты 5661216 3871988 тип:BB_BR скорость:9991
30.04 10:39:10:636 SPRO_Novosibirsk Стрельба по цели id:a33198b тип:BB_BR пуск №1. Осталось противоракет: 7
30.04 10:39:14:202 SPRO_Novosibirsk Цель id:a33198b УНИЧТОЖЕНА после пуска №1
30.04 10:39:35:640 SPRO_Novosibirsk Обнаружена цель id:152f68b координаты 6856790 3532800 тип:BB_BR скорость:9667
30.04 10:39:35:738 SPRO_Novosibirsk Стрельба по цели id:152f68b тип:BB_BR пуск №1. Осталось противоракет: 6
30.04 10:39:38:974 SPRO_Novosibirsk Обнаружена цель id:d14774b координаты 5836215 3994365 тип:BB_BR скорость:9208
30.04 10:39:39:041 SPRO_Novosibirsk Стрельба по цели id:d14774b тип:BB_BR пуск №1. Осталось противоракет: 5
30.04 10:39:39:892 SPRO_Novosibirsk Цель id:152f68b УНИЧТОЖЕНА после пуска №1
30.04 10:39:42:691 SPRO_Novosibirsk ПРОМАХ по цели id:d14774b после пуска №1
30.04 10:39:43:829 SPRO_Novosibirsk Стрельба по цели id:d14774b тип:BB_BR пуск №2. Осталось противоракет: 4
30.04 10:39:49:534 SPRO_Novosibirsk ПРОМАХ по цели id:d14774b после пуска №2
30.04 10:39:50:711 SPRO_Novosibirsk Стрельба по цели id:d14774b тип:BB_BR пуск №3. Осталось противоракет: 3
30.04 10:39:56:544 SPRO_Novosibirsk ПРОМАХ по цели id:d14774b после пуска №3
