13.04 22:55:58:249 ZRDN1_Orenburg Запуск ЗРДН. Координаты: X=4250000 Y=3300000, Радиус: 600000
13.04 23:13:19:154 ZRDN1_Orenburg В 23:13:19:137 Обнаружена цель id:ca9854b координаты 4605165 3241170 тип:BB_BR скорость:9927
13.04 23:36:47:824 ZRDN1_Orenburg В 23:36:47:817 Обнаружена цель id:d188a1s координаты 4581600 3775664 тип:SAM скорость:111
13.04 23:36:47:940 ZRDN1_Orenburg Стрельба по цели id:d188a1s тип:SAM. Осталось ракет: 19
13.04 23:36:52:884 ZRDN1_Orenburg Цель id:d188a1s УНИЧТОЖЕНА
13.04 23:49:02:063 ZRDN1_Orenburg В 23:49:02:044 Обнаружена цель id:3e7ddcb координаты 4778540 3531604 тип:BB_BR скорость:9966
13.04 23:51:22:567 ZRDN1_Orenburg В 23:51:22:556 Обнаружена цель id:3e7ddcb координаты 4826900 3297340 тип:BB_BR скорость:9966
13.04 23:52:09:483 ZRDN1_Orenburg В 23:52:09:477 Обнаружена цель id:69809fb координаты 4837060 3232380 тип:BB_BR скорость:9601
14.04 00:08:45:916 ZRDN1_Orenburg В 00:08:45:912 Обнаружена цель id:7ad979b координаты 3868244 3567188 тип:BB_BR скорость:8647
14.04 00:10:44:354 ZRDN1_Orenburg В 00:10:44:337 Обнаружена цель id:7ad979b координаты 3873032 3385664 тип:BB_BR скорость:8647
14.04 00:12:59:257 ZRDN1_Orenburg В 00:12:59:242 Обнаружена цель id:3cd1f7r координаты 4484818 3137338 тип:KR скорость:783
14.04 00:12:59:384 ZRDN1_Orenburg Стрельба по цели id:3cd1f7r тип:KR. Осталось ракет: 18
14.04 00:13:01:484 ZRDN1_Orenburg Цель id:3cd1f7r УНИЧТОЖЕНА
14.04 00:14:23:236 ZRDN1_Orenburg В 00:14:23:229 Обнаружена цель id:7ad979b координаты 3881924 3048548 тип:BB_BR скорость:8647
14.04 01:11:23:466 ZRDN1_Orenburg В 01:11:23:452 Обнаружена цель id:f39503r координаты 4124284 3660227 тип:KR скорость:552
14.04 01:11:23:614 ZRDN1_Orenburg Стрельба по цели id:f39503r тип:KR. Осталось ракет: 17
14.04 01:11:25:715 ZRDN1_Orenburg Цель id:f39503r УНИЧТОЖЕНА
14.04 01:13:22:119 ZRDN1_Orenburg В 01:13:22:107 Обнаружена цель id:f0af09b координаты 4179960 2800000 тип:BB_BR скорость:9061
14.04 01:16:28:172 ZRDN1_Orenburg В 01:16:28:161 Обнаружена цель id:f0af09b координаты 4355332 3053300 тип:BB_BR скорость:9061
14.04 01:58:41:478 ZRDN1_Orenburg В 01:58:41:457 Обнаружена цель id:029378r координаты 3790176 3676914 тип:KR скорость:913
14.04 01:58:41:629 ZRDN1_Orenburg Стрельба по цели id:029378r тип:KR. Осталось ракет: 16
14.04 01:58:45:152 ZRDN1_Orenburg ПРОМАХ по цели id:029378r
14.04 01:59:18:541 ZRDN1_Orenburg Стрельба по цели id:029378r тип:KR. Осталось ракет: 15
14.04 01:59:20:660 ZRDN1_Orenburg Цель id:029378r УНИЧТОЖЕНА
14.04 02:16:27:859 ZRDN1_Orenburg В 02:16:27:851 Обнаружена цель id:65da45b координаты 4367504 2914736 тип:BB_BR скорость:9733
14.04 02:19:33:863 ZRDN1_Orenburg В 02:19:33:854 Обнаружена цель id:65da45b координаты 4593356 3143129 тип:BB_BR скорость:9733
14.04 02:37:33:431 ZRDN1_Orenburg В 02:37:33:419 Обнаружена цель id:6f8637b координаты 3953640 3584220 тип:BB_BR скорость:8334
14.04 02:39:30:180 ZRDN1_Orenburg В 02:39:30:166 Обнаружена цель id:6f8637b координаты 4076444 3448062 тип:BB_BR скорость:8334
14.04 03:08:23:702 ZRDN1_Orenburg В 03:08:23:688 Обнаружена цель id:5eb792s координаты 4359792 3645432 тип:SAM скорость:234
14.04 03:08:23:828 ZRDN1_Orenburg Стрельба по цели id:5eb792s тип:SAM. Осталось ракет: 14
14.04 03:08:25:965 ZRDN1_Orenburg Цель id:5eb792s УНИЧТОЖЕНА
14.04 03:13:48:452 ZRDN1_Orenburg В 03:13:48:438 Обнаружена цель id:91b7fds координаты 3741104 3348376 тип:SAM скорость:145
14.04 03:13:48:575 ZRDN1_Orenburg Стрельба по цели id:91b7fds тип:SAM. Осталось ракет: 13
14.04 03:13:50:683 ZRDN1_Orenburg Цель id:91b7fds УНИЧТОЖЕНА
14.04 03:16:57:662 ZRDN1_Orenburg В 03:16:57:657 Обнаружена цель id:548e76b координаты 4660781 3040910 тип:BB_BR скорость:9823
14.04 03:25:44:115 ZRDN1_Orenburg В 03:25:44:102 Обнаружена цель id:29c044b координаты 3702320 3196150 тип:BB_BR скорость:8021
14.04 03:27:43:604 ZRDN1_Orenburg В 03:27:43:594 Обнаружена цель id:29c044b координаты 3771452 3349765 тип:BB_BR скорость:8021
14.04 03:29:11:676 ZRDN1_Orenburg В 03:29:11:667 Обнаружена цель id:29c044b координаты 3820832 3459490 тип:BB_BR скорость:8021
14.04 03:29:25:251 ZRDN1_Orenburg В 03:29:25:244 Обнаружена цель id:9a6681b координаты 4340520 3273880 тип:BB_BR скорость:8653
14.04 03:31:44:739 ZRDN1_Orenburg В 03:31:44:731 Обнаружена цель id:29c044b координаты 3899840 3635050 тип:BB_BR скорость:8021
14.04 03:32:00:680 ZRDN1_Orenburg В 03:32:00:666 Обнаружена цель id:9a6681b координаты 4481248 3471112 тип:BB_BR скорость:8653
14.04 03:35:02:841 ZRDN1_Orenburg В 03:35:02:836 Обнаружена цель id:6ac9c3b координаты 3947156 3029392 тип:BB_BR скорость:9165
14.04 03:37:38:246 ZRDN1_Orenburg В 03:37:38:240 Обнаружена цель id:6ac9c3b координаты 4033880 3261160 тип:BB_BR скорость:9165
14.04 03:39:03:384 ZRDN1_Orenburg В 03:39:03:374 Обнаружена цель id:6ac9c3b координаты 4082060 3389920 тип:BB_BR скорость:9165
14.04 03:51:42:989 ZRDN1_Orenburg В 03:51:42:983 Обнаружена цель id:8231f5b координаты 4207478 3506497 тип:BB_BR скорость:8776
14.04 04:09:53:514 ZRDN1_Orenburg В 04:09:53:509 Обнаружена цель id:258568b координаты 3751896 3414872 тип:BB_BR скорость:8599
