27.04 22:00:19:202 ZRDN3_Ufa Запуск ЗРДН. Координаты: X=4500000 Y=3400000, Радиус: 550000
27.04 22:00:26:056 ZRDN3_Ufa Обнаружена цель id:f0ca70s координаты 4205252 3795088 тип:SAM скорость:133
27.04 22:00:26:125 ZRDN3_Ufa Стрельба по цели id:f0ca70s тип:SAM пуск №1. Осталось ракет: 19
27.04 22:00:30:034 ZRDN3_Ufa Цель id:f0ca70s УНИЧТОЖЕНА после пуска №1
27.04 22:06:23:480 ZRDN3_Ufa Обнаружена цель id:f1a809s координаты 4216002 3784276 тип:SAM скорость:138
27.04 22:06:23:519 ZRDN3_Ufa Стрельба по цели id:f1a809s тип:SAM пуск №1. Осталось ракет: 18
27.04 22:06:27:274 ZRDN3_Ufa Цель id:f1a809s УНИЧТОЖЕНА после пуска №1
27.04 22:12:59:748 ZRDN3_Ufa Обнаружена цель id:2c3f45s координаты 4657442 2874055 тип:SAM скорость:237
27.04 22:12:59:841 ZRDN3_Ufa Стрельба по цели id:2c3f45s тип:SAM пуск №1. Осталось ракет: 17
27.04 22:13:02:983 ZRDN3_Ufa ПРОМАХ по цели id:2c3f45s после пуска №1
27.04 22:13:03:737 ZRDN3_Ufa Стрельба по цели id:2c3f45s тип:SAM пуск №2. Осталось ракет: 16
27.04 22:13:06:267 ZRDN3_Ufa Цель id:2c3f45s УНИЧТОЖЕНА после пуска №2
27.04 22:49:13:423 ZRDN3_Ufa Обнаружена цель id:bb39f6r координаты 4565968 3448504 тип:KR скорость:970
27.04 22:49:13:477 ZRDN3_Ufa Стрельба по цели id:bb39f6r тип:KR пуск №1. Осталось ракет: 15
27.04 22:49:16:952 ZRDN3_Ufa ПРОМАХ по цели id:bb39f6r после пуска №1
27.04 22:49:17:232 ZRDN3_Ufa Стрельба по цели id:bb39f6r тип:KR пуск №2. Осталось ракет: 14
27.04 22:49:21:183 ZRDN3_Ufa ПРОМАХ по цели id:bb39f6r после пуска №2
27.04 22:49:21:597 ZRDN3_Ufa Стрельба по цели id:bb39f6r тип:KR пуск №3. Осталось ракет: 13
27.04 22:49:24:635 ZRDN3_Ufa Цель id:bb39f6r УНИЧТОЖЕНА после пуска №3
27.04 22:59:55:232 ZRDN3_Ufa Обнаружена цель id:c2b85ds координаты 4061006 3490234 тип:SAM скорость:117
27.04 22:59:55:289 ZRDN3_Ufa Стрельба по цели id:c2b85ds тип:SAM пуск №1. Осталось ракет: 12
27.04 22:59:58:292 ZRDN3_Ufa Цель id:c2b85ds УНИЧТОЖЕНА после пуска №1
