13.04 22:55:58:239 ZRDN2_Volgograd Запуск ЗРДН. Координаты: X=3600000 Y=3100000, Радиус: 400000
14.04 00:10:34:254 ZRDN2_Volgograd В 00:10:34:241 Обнаружена цель id:56e7ccb координаты 3391174 2831454 тип:BB_BR скорость:9720
14.04 00:12:45:407 ZRDN2_Volgograd В 00:12:45:401 Обнаружена цель id:56e7ccb координаты 3397822 3064662 тип:BB_BR скорость:9720
14.04 00:13:35:882 ZRDN2_Volgograd В 00:13:35:857 Обнаружена цель id:2b000cb координаты 3465936 2849644 тип:BB_BR скорость:8436
14.04 00:15:18:701 ZRDN2_Volgograd В 00:15:18:697 Обнаружена цель id:7ad979b координаты 3884204 2962108 тип:BB_BR скорость:8647
14.04 00:16:10:848 ZRDN2_Volgograd В 00:16:10:843 Обнаружена цель id:56e7ccb координаты 3408071 3424191 тип:BB_BR скорость:9720
14.04 00:17:02:338 ZRDN2_Volgograd В 00:17:02:331 Обнаружена цель id:2b000cb координаты 3472992 3153268 тип:BB_BR скорость:8436
14.04 00:20:07:309 ZRDN2_Volgograd В 00:20:07:303 Обнаружена цель id:2b000cb координаты 3479460 3431590 тип:BB_BR скорость:8436
14.04 00:24:25:218 ZRDN2_Volgograd В 00:24:25:200 Обнаружена цель id:bcf923b координаты 3379840 2950840 тип:BB_BR скорость:9274
14.04 00:25:46:548 ZRDN2_Volgograd В 00:25:46:542 Обнаружена цель id:e0c820b координаты 3285400 3248760 тип:BB_BR скорость:9023
14.04 00:27:12:852 ZRDN2_Volgograd В 00:27:12:844 Обнаружена цель id:bcf923b координаты 3405640 3227890 тип:BB_BR скорость:9274
14.04 00:27:29:293 ZRDN2_Volgograd В 00:27:29:283 Обнаружена цель id:e0c820b координаты 3395740 3367956 тип:BB_BR скорость:9023
14.04 02:03:08:785 ZRDN2_Volgograd В 02:03:08:778 Обнаружена цель id:111f8fs координаты 3222365 2972000 тип:SAM скорость:213
14.04 02:03:08:928 ZRDN2_Volgograd Стрельба по цели id:111f8fs тип:SAM. Осталось ракет: 19
14.04 02:03:11:894 ZRDN2_Volgograd ПРОМАХ по цели id:111f8fs
14.04 02:03:40:085 ZRDN2_Volgograd Стрельба по цели id:111f8fs тип:SAM. Осталось ракет: 18
14.04 02:03:44:840 ZRDN2_Volgograd ПРОМАХ по цели id:111f8fs
14.04 02:04:12:311 ZRDN2_Volgograd Стрельба по цели id:111f8fs тип:SAM. Осталось ракет: 17
14.04 02:04:17:750 ZRDN2_Volgograd Цель id:111f8fs УНИЧТОЖЕНА
14.04 02:52:26:060 ZRDN2_Volgograd В 02:52:26:049 Обнаружена цель id:e96522s координаты 3515742 3192008 тип:SAM скорость:89
14.04 02:52:26:193 ZRDN2_Volgograd Стрельба по цели id:e96522s тип:SAM. Осталось ракет: 16
14.04 02:52:28:296 ZRDN2_Volgograd Цель id:e96522s УНИЧТОЖЕНА
14.04 03:21:30:445 ZRDN2_Volgograd В 03:21:30:435 Обнаружена цель id:29c044b координаты 3547596 2852345 тип:BB_BR скорость:8021
14.04 03:24:38:492 ZRDN2_Volgograd В 03:24:38:481 Обнаружена цель id:29c044b координаты 3659524 3101055 тип:BB_BR скорость:8021
14.04 03:27:10:194 ZRDN2_Volgograd В 03:27:10:179 Обнаружена цель id:29c044b координаты 3748408 3298560 тип:BB_BR скорость:8021
14.04 03:28:33:110 ZRDN2_Volgograd В 03:28:33:098 Обнаружена цель id:29c044b координаты 3801080 3415600 тип:BB_BR скорость:8021
14.04 03:34:30:045 ZRDN2_Volgograd В 03:34:30:035 Обнаружена цель id:6ac9c3b координаты 3924672 2969304 тип:BB_BR скорость:9165
14.04 03:36:32:531 ZRDN2_Volgograd В 03:36:32:518 Обнаружена цель id:6ac9c3b координаты 3995336 3158152 тип:BB_BR скорость:9165
14.04 04:07:33:861 ZRDN2_Volgograd В 04:07:33:858 Обнаружена цель id:258568b координаты 3565504 3348678 тип:BB_BR скорость:8599
14.04 04:09:35:700 ZRDN2_Volgograd В 04:09:35:689 Обнаружена цель id:258568b координаты 3735688 3409116 тип:BB_BR скорость:8599
14.04 04:11:55:896 ZRDN2_Volgograd В 04:11:55:891 Обнаружена цель id:780272b координаты 3323539 3113582 тип:BB_BR скорость:8726
