27.04 22:00:19:199 ZRDN1_Crimea Запуск ЗРДН. Координаты: X=2700000 Y=2550000, Радиус: 650000
27.04 22:00:32:047 ZRDN1_Crimea Обнаружена цель id:bf5eddr координаты 2831660 3166770 тип:KR скорость:2710
27.04 22:00:32:109 ZRDN1_Crimea Стрельба по цели id:bf5eddr тип:KR пуск №1. Осталось ракет: 19
27.04 22:00:35:759 ZRDN1_Crimea Цель id:bf5eddr УНИЧТОЖЕНА после пуска №1
27.04 22:08:16:875 ZRDN1_Crimea Обнаружена цель id:fc8909r координаты 2632290 3108384 тип:KR скорость:672
27.04 22:08:16:930 ZRDN1_Crimea Стрельба по цели id:fc8909r тип:KR пуск №1. Осталось ракет: 18
27.04 22:08:20:909 ZRDN1_Crimea Цель id:fc8909r УНИЧТОЖЕНА после пуска №1
27.04 22:10:09:904 ZRDN1_Crimea Обнаружена цель id:fad3f6r координаты 2463234 2742460 тип:KR скорость:739
27.04 22:10:09:974 ZRDN1_Crimea Стрельба по цели id:fad3f6r тип:KR пуск №1. Осталось ракет: 17
27.04 22:10:13:359 ZRDN1_Crimea Цель id:fad3f6r УНИЧТОЖЕНА после пуска №1
27.04 22:12:06:024 ZRDN1_Crimea Обнаружена цель id:618fe5r координаты 2174598 2171452 тип:KR скорость:2210
27.04 22:12:06:084 ZRDN1_Crimea Стрельба по цели id:618fe5r тип:KR пуск №1. Осталось ракет: 16
27.04 22:12:09:232 ZRDN1_Crimea ПРОМАХ по цели id:618fe5r после пуска №1
27.04 22:12:10:418 ZRDN1_Crimea Стрельба по цели id:618fe5r тип:KR пуск №2. Осталось ракет: 15
27.04 22:12:14:307 ZRDN1_Crimea Цель id:618fe5r УНИЧТОЖЕНА после пуска №2
27.04 22:31:49:738 ZRDN1_Crimea Обнаружена цель id:85251fr координаты 3272710 2855460 тип:KR скорость:512
27.04 22:31:49:792 ZRDN1_Crimea Стрельба по цели id:85251fr тип:KR пуск №1. Осталось ракет: 14
27.04 22:31:53:040 ZRDN1_Crimea Цель id:85251fr УНИЧТОЖЕНА после пуска №1
27.04 22:48:28:724 ZRDN1_Crimea Обнаружена цель id:b1a21fr координаты 2655392 3186928 тип:KR скорость:2215
27.04 22:48:28:803 ZRDN1_Crimea Стрельба по цели id:b1a21fr тип:KR пуск №1. Осталось ракет: 13
27.04 22:48:33:067 ZRDN1_Crimea Цель id:b1a21fr УНИЧТОЖЕНА после пуска №1
27.04 22:52:32:034 ZRDN1_Crimea Обнаружена цель id:c354d8s координаты 2529082 2885166 тип:SAM скорость:92
27.04 22:52:32:086 ZRDN1_Crimea Стрельба по цели id:c354d8s тип:SAM пуск №1. Осталось ракет: 12
27.04 22:52:35:070 ZRDN1_Crimea Цель id:c354d8s УНИЧТОЖЕНА после пуска №1
